172.16.0.20 - - [08/Mar/2026:17:58:10 +0000] "PUT /api/v1/stats HTTP/1.1" 200 60005 "-" "DuckDuckBot/1.1 (+http://duckduckgo.com/duckduckbot.html)"
10.0.0.8 - - [08/Mar/2026:17:59:10 +0000] "GET /terms HTTP/1.1" 302 48498 "https://google.com" "Mozilla/5.0 (iPad; CPU OS 17_0 like Mac OS X) AppleWebKit/605.1.15 Mobile/15E148 Safari/604.1"
157.55.39.10 - - [08/Mar/2026:18:00:10 +0000] "POST /contact HTTP/1.1" 200 29894 "-" "bingbot/2.0 (+http://www.bing.com/bingbot.htm)"
172.16.0.20 - - [08/Mar/2026:18:02:10 +0000] "GET /api/v1/health HTTP/1.1" 200 46233 "-" "Googlebot/2.1 (+http://www.google.com/bot.html)"
66.249.66.1 - - [08/Mar/2026:18:33:10 +0000] "POST /api/users HTTP/1.1" 200 18104 "-" "bingbot/2.0 (+http://www.bing.com/bingbot.htm)"
10.0.0.5 - - [08/Mar/2026:18:35:10 +0000] "POST /index.html HTTP/1.1" 200 17884 "https://example.com" "Mozilla/5.0 (Macintosh; Intel Mac OS X 10_15_7) AppleWebKit/605.1.15 Safari/605.1.15"
66.249.66.1 - - [08/Mar/2026:18:47:10 +0000] "PUT /shop HTTP/1.1" 200 27629 "https://example.com" "Mozilla/5.0 (X11; Linux x86_64; rv:123.0) Gecko/20100101 Firefox/123.0"
10.0.0.5 - - [08/Mar/2026:19:06:10 +0000] "PUT /faq HTTP/1.1" 304 64143 "-" "Mozilla/5.0 (X11; Linux x86_64; rv:123.0) Gecko/20100101 Firefox/123.0"
192.168.1.25 - - [08/Mar/2026:19:07:10 +0000] "GET /logout HTTP/1.1" 404 33282 "https://example.com" "Mozilla/5.0 (X11; Linux x86_64; rv:123.0) Gecko/20100101 Firefox/123.0"
10.0.0.5 - - [08/Mar/2026:19:13:10 +0000] "GET /pricing HTTP/1.1" 302 36563 "-" "Mozilla/5.0 (iPhone; CPU iPhone OS 17_0) AppleWebKit/605.1.15 Mobile Safari/604.1"
192.168.1.25 - - [08/Mar/2026:19:25:10 +0000] "GET /shop/phone HTTP/1.1" 404 56799 "-" "bingbot/2.0 (+http://www.bing.com/bingbot.htm)"
192.168.1.25 - - [08/Mar/2026:19:28:10 +0000] "POST /blog/post-1 HTTP/1.1" 200 56212 "https://example.com" "Mozilla/5.0 (iPhone; CPU iPhone OS 17_0) AppleWebKit/605.1.15 Mobile Safari/604.1"
192.168.1.25 - - [08/Mar/2026:19:36:10 +0000] "POST /checkout HTTP/1.1" 200 17278 "-" "Mozilla/5.0 (iPhone; CPU iPhone OS 17_0) AppleWebKit/605.1.15 Mobile Safari/604.1"
192.168.1.50 - - [08/Mar/2026:19:37:10 +0000] "PUT /shop/laptop HTTP/1.1" 200 64077 "https://example.com" "DuckDuckBot/1.1 (+http://duckduckgo.com/duckduckbot.html)"
172.16.0.20 - - [08/Mar/2026:19:38:10 +0000] "GET /blog/category/tech HTTP/1.1" 301 48650 "https://google.com" "Mozilla/5.0 (X11; Linux x86_64; rv:123.0) Gecko/20100101 Firefox/123.0"
94.103.82.1 - - [08/Mar/2026:19:40:10 +0000] "GET /api/v1/health HTTP/1.1" 200 742 "-" "Mozilla/5.0 (Macintosh; Intel Mac OS X 10_15_7) AppleWebKit/605.1.15 Safari/605.1.15"
203.0.113.42 - - [08/Mar/2026:19:50:10 +0000] "GET /blog/post-2 HTTP/1.1" 200 55462 "-" "Mozilla/5.0 (Windows NT 10.0; Win64; x64) AppleWebKit/537.36 Chrome/122.0 Safari/537.36"
192.168.1.10 - - [08/Mar/2026:19:51:10 +0000] "GET /profile HTTP/1.1" 304 62123 "-" "Mozilla/5.0 (Windows NT 10.0; Win64; x64) AppleWebKit/537.36 Chrome/122.0 Safari/537.36"
192.168.1.25 - - [08/Mar/2026:20:10:10 +0000] "GET /images/logo.png HTTP/1.1" 200 53395 "https://example.com" "Mozilla/5.0 (X11; Linux x86_64; rv:123.0) Gecko/20100101 Firefox/123.0"
192.168.1.50 - - [08/Mar/2026:20:13:10 +0000] "GET /shop/phone HTTP/1.1" 301 58146 "-" "DuckDuckBot/1.1 (+http://duckduckgo.com/duckduckbot.html)"
157.55.39.10 - - [08/Mar/2026:20:25:10 +0000] "POST /shop/phone HTTP/1.1" 304 2240 "-" "DuckDuckBot/1.1 (+http://duckduckgo.com/duckduckbot.html)"
192.168.1.10 - - [08/Mar/2026:20:26:10 +0000] "GET /api/v1/stats HTTP/1.1" 301 9254 "https://google.com" "Mozilla/5.0 (Macintosh; Intel Mac OS X 10_15_7) AppleWebKit/605.1.15 Safari/605.1.15"
192.168.1.50 - - [08/Mar/2026:20:44:10 +0000] "GET /static/css/app.css HTTP/1.1" 200 10739 "-" "Mozilla/5.0 (X11; Linux x86_64; rv:123.0) Gecko/20100101 Firefox/123.0"
192.168.1.10 - - [08/Mar/2026:21:01:10 +0000] "PUT /products HTTP/1.1" 302 19365 "https://google.com" "Mozilla/5.0 (iPad; CPU OS 17_0 like Mac OS X) AppleWebKit/605.1.15 Mobile/15E148 Safari/604.1"
104.21.33.10 - - [08/Mar/2026:21:01:10 +0000] "GET /docs HTTP/1.1" 200 52056 "-" "Mozilla/5.0 (iPhone; CPU iPhone OS 17_0) AppleWebKit/605.1.15 Mobile Safari/604.1"
8.8.8.1 - - [08/Mar/2026:21:03:10 +0000] "GET /checkout HTTP/1.1" 200 6753 "-" "Mozilla/5.0 (Macintosh; Intel Mac OS X 10_15_7) AppleWebKit/605.1.15 Safari/605.1.15"
172.16.0.8 - - [08/Mar/2026:21:20:10 +0000] "GET /privacy HTTP/1.1" 200 49349 "-" "Mozilla/5.0 (X11; Linux x86_64; rv:123.0) Gecko/20100101 Firefox/123.0"
10.0.0.8 - - [08/Mar/2026:21:21:10 +0000] "POST /docs/quickstart HTTP/1.1" 304 43934 "https://google.com" "DuckDuckBot/1.1 (+http://duckduckgo.com/duckduckbot.html)"
10.0.0.8 - - [08/Mar/2026:21:22:10 +0000] "GET /images/logo.png HTTP/1.1" 200 20387 "-" "Mozilla/5.0 (iPad; CPU OS 17_0 like Mac OS X) AppleWebKit/605.1.15 Mobile/15E148 Safari/604.1"
66.249.66.1 - - [08/Mar/2026:21:25:10 +0000] "GET /login HTTP/1.1" 200 34244 "-" "Mozilla/5.0 (iPad; CPU OS 17_0 like Mac OS X) AppleWebKit/605.1.15 Mobile/15E148 Safari/604.1"
157.55.39.10 - - [08/Mar/2026:21:30:10 +0000] "POST /api/v1/health HTTP/1.1" 304 13626 "https://example.com" "Mozilla/5.0 (Macintosh; Intel Mac OS X 10_15_7) AppleWebKit/605.1.15 Safari/605.1.15"
94.103.82.1 - - [08/Mar/2026:21:31:10 +0000] "GET /api/orders HTTP/1.1" 200 44059 "https://google.com" "Mozilla/5.0 (Windows NT 10.0; Win64; x64) AppleWebKit/537.36 Chrome/122.0 Safari/537.36"
198.51.100.7 - - [08/Mar/2026:21:32:10 +0000] "GET /search?q=sale HTTP/1.1" 200 41692 "https://google.com" "DuckDuckBot/1.1 (+http://duckduckgo.com/duckduckbot.html)"
172.16.0.20 - - [08/Mar/2026:21:44:10 +0000] "GET /blog HTTP/1.1" 302 58387 "https://google.com" "Mozilla/5.0 (iPad; CPU OS 17_0 like Mac OS X) AppleWebKit/605.1.15 Mobile/15E148 Safari/604.1"
198.51.100.7 - - [08/Mar/2026:21:44:10 +0000] "GET /blog/post-2 HTTP/1.1" 200 31609 "-" "bingbot/2.0 (+http://www.bing.com/bingbot.htm)"
10.0.0.8 - - [08/Mar/2026:21:46:10 +0000] "POST /shop/phone HTTP/1.1" 200 52609 "https://google.com" "Mozilla/5.0 (iPhone; CPU iPhone OS 17_0) AppleWebKit/605.1.15 Mobile Safari/604.1"
104.21.33.10 - - [08/Mar/2026:21:49:10 +0000] "PUT /blog/post-1 HTTP/1.1" 200 36991 "https://google.com" "Mozilla/5.0 (Windows NT 10.0; Win64; x64) AppleWebKit/537.36 Chrome/122.0 Safari/537.36"
104.21.33.10 - - [08/Mar/2026:21:49:10 +0000] "PUT /contact HTTP/1.1" 200 261 "-" "Mozilla/5.0 (Windows NT 10.0; Win64; x64) AppleWebKit/537.36 Chrome/122.0 Safari/537.36"
192.168.1.25 - - [08/Mar/2026:21:58:10 +0000] "PUT /sitemap.xml HTTP/1.1" 200 46766 "-" "Mozilla/5.0 (X11; Linux x86_64; rv:123.0) Gecko/20100101 Firefox/123.0"
10.0.0.5 - - [08/Mar/2026:21:58:10 +0000] "GET /dashboard HTTP/1.1" 302 63656 "https://example.com" "Mozilla/5.0 (Windows NT 10.0; Win64; x64) AppleWebKit/537.36 Chrome/122.0 Safari/537.36"
192.168.1.25 - - [08/Mar/2026:22:02:10 +0000] "PUT /shop/laptop HTTP/1.1" 404 8808 "https://google.com" "bingbot/2.0 (+http://www.bing.com/bingbot.htm)"
10.0.0.8 - - [08/Mar/2026:22:03:10 +0000] "GET /static/css/app.css HTTP/1.1" 200 41298 "-" "DuckDuckBot/1.1 (+http://duckduckgo.com/duckduckbot.html)"
172.16.0.8 - - [08/Mar/2026:22:06:10 +0000] "PUT /docs/quickstart HTTP/1.1" 301 53559 "-" "Googlebot/2.1 (+http://www.google.com/bot.html)"
103.21.244.10 - - [08/Mar/2026:22:15:10 +0000] "GET /.git/config HTTP/1.1" 200 54465 "-" "python-requests/2.31.0"
104.21.33.10 - - [08/Mar/2026:22:17:10 +0000] "PUT /shop HTTP/1.1" 200 41033 "https://google.com" "Mozilla/5.0 (iPhone; CPU iPhone OS 17_0) AppleWebKit/605.1.15 Mobile Safari/604.1"
157.55.39.10 - - [08/Mar/2026:22:18:10 +0000] "PUT /products HTTP/1.1" 200 27055 "https://google.com" "Mozilla/5.0 (X11; Linux x86_64; rv:123.0) Gecko/20100101 Firefox/123.0"
103.21.244.10 - - [08/Mar/2026:22:21:10 +0000] "GET /appsettings.json HTTP/1.1" 400 31091 "-" "python-requests/2.31.0"
10.0.0.8 - - [08/Mar/2026:22:24:10 +0000] "PUT /docs/quickstart HTTP/1.1" 301 6173 "https://example.com" "Mozilla/5.0 (X11; Linux x86_64; rv:123.0) Gecko/20100101 Firefox/123.0"
10.0.0.5 - - [08/Mar/2026:22:42:10 +0000] "POST /settings HTTP/1.1" 200 7137 "-" "Mozilla/5.0 (Windows NT 10.0; Win64; x64) AppleWebKit/537.36 Chrome/122.0 Safari/537.36"
192.168.1.50 - - [08/Mar/2026:22:45:10 +0000] "GET /faq HTTP/1.1" 200 42266 "https://google.com" "bingbot/2.0 (+http://www.bing.com/bingbot.htm)"
192.168.1.50 - - [08/Mar/2026:23:04:10 +0000] "GET /contact HTTP/1.1" 200 46698 "-" "DuckDuckBot/1.1 (+http://duckduckgo.com/duckduckbot.html)"
203.0.113.42 - - [08/Mar/2026:23:08:10 +0000] "POST /products?sort=price HTTP/1.1" 200 53006 "-" "Googlebot/2.1 (+http://www.google.com/bot.html)"
172.16.0.8 - - [08/Mar/2026:23:15:10 +0000] "POST /dashboard HTTP/1.1" 200 11990 "https://example.com" "Mozilla/5.0 (Windows NT 10.0; Win64; x64) AppleWebKit/537.36 Chrome/122.0 Safari/537.36"
103.21.244.10 - - [08/Mar/2026:23:23:10 +0000] "GET /.git/HEAD HTTP/1.1" 200 47921 "-" "python-requests/2.31.0"
103.21.244.10 - - [08/Mar/2026:23:24:10 +0000] "POST /.well-known/security.txt HTTP/1.1" 404 25963 "-" "python-requests/2.31.0"
157.55.39.10 - - [08/Mar/2026:23:30:10 +0000] "POST /cart HTTP/1.1" 301 20750 "-" "DuckDuckBot/1.1 (+http://duckduckgo.com/duckduckbot.html)"
192.168.1.50 - - [08/Mar/2026:23:39:10 +0000] "PUT /docs/quickstart HTTP/1.1" 304 3885 "-" "Mozilla/5.0 (Windows NT 10.0; Win64; x64) AppleWebKit/537.36 Chrome/122.0 Safari/537.36"
8.8.8.1 - - [08/Mar/2026:23:42:10 +0000] "POST /shop HTTP/1.1" 301 14025 "https://example.com" "Mozilla/5.0 (X11; Linux x86_64; rv:123.0) Gecko/20100101 Firefox/123.0"
203.0.113.42 - - [08/Mar/2026:23:42:10 +0000] "GET /api/health HTTP/1.1" 404 35076 "-" "Mozilla/5.0 (Macintosh; Intel Mac OS X 10_15_7) AppleWebKit/605.1.15 Safari/605.1.15"
203.0.113.42 - - [08/Mar/2026:23:47:10 +0000] "GET /docs/api HTTP/1.1" 404 13658 "-" "Mozilla/5.0 (iPad; CPU OS 17_0 like Mac OS X) AppleWebKit/605.1.15 Mobile/15E148 Safari/604.1"
192.168.1.10 - - [08/Mar/2026:23:53:10 +0000] "GET /faq HTTP/1.1" 200 8057 "https://google.com" "Mozilla/5.0 (iPhone; CPU iPhone OS 17_0) AppleWebKit/605.1.15 Mobile Safari/604.1"
192.168.1.10 - - [08/Mar/2026:23:55:10 +0000] "POST /contact HTTP/1.1" 200 46689 "-" "Googlebot/2.1 (+http://www.google.com/bot.html)"
10.0.0.5 - - [09/Mar/2026:00:04:10 +0000] "GET /static/css/app.css HTTP/1.1" 200 21307 "-" "Mozilla/5.0 (Macintosh; Intel Mac OS X 10_15_7) AppleWebKit/605.1.15 Safari/605.1.15"
192.168.1.50 - - [09/Mar/2026:00:05:10 +0000] "PUT /blog/post-2 HTTP/1.1" 200 33538 "-" "Googlebot/2.1 (+http://www.google.com/bot.html)"
172.16.0.20 - - [09/Mar/2026:00:22:10 +0000] "POST /static/js/main.js HTTP/1.1" 301 13177 "https://example.com" "Mozilla/5.0 (Windows NT 10.0; Win64; x64) AppleWebKit/537.36 Chrome/122.0 Safari/537.36"
192.168.1.25 - - [09/Mar/2026:00:22:10 +0000] "GET /dashboard HTTP/1.1" 200 50342 "-" "Mozilla/5.0 (iPad; CPU OS 17_0 like Mac OS X) AppleWebKit/605.1.15 Mobile/15E148 Safari/604.1"
192.168.1.25 - - [09/Mar/2026:00:24:10 +0000] "PUT /api/users HTTP/1.1" 200 39219 "https://google.com" "Mozilla/5.0 (iPad; CPU OS 17_0 like Mac OS X) AppleWebKit/605.1.15 Mobile/15E148 Safari/604.1"
8.8.8.1 - - [09/Mar/2026:00:32:10 +0000] "PUT /index.html HTTP/1.1" 301 41603 "-" "Mozilla/5.0 (Windows NT 10.0; Win64; x64) AppleWebKit/537.36 Chrome/122.0 Safari/537.36"
103.21.244.10 - - [09/Mar/2026:00:40:10 +0000] "GET /manager/html HTTP/1.1" 200 54134 "-" "python-requests/2.31.0"
8.8.8.1 - - [09/Mar/2026:00:44:10 +0000] "GET /cart HTTP/1.1" 200 40163 "-" "Mozilla/5.0 (Macintosh; Intel Mac OS X 10_15_7) AppleWebKit/605.1.15 Safari/605.1.15"
192.168.1.50 - - [09/Mar/2026:00:52:10 +0000] "GET /favicon.ico HTTP/1.1" 200 9935 "https://google.com" "bingbot/2.0 (+http://www.bing.com/bingbot.htm)"
192.168.1.50 - - [09/Mar/2026:00:57:10 +0000] "PUT /index.html HTTP/1.1" 200 42632 "-" "bingbot/2.0 (+http://www.bing.com/bingbot.htm)"
104.21.33.10 - - [09/Mar/2026:01:02:10 +0000] "PUT /api/orders HTTP/1.1" 404 58440 "-" "Mozilla/5.0 (X11; Linux x86_64; rv:123.0) Gecko/20100101 Firefox/123.0"
103.21.244.10 - - [09/Mar/2026:01:04:10 +0000] "GET /.DS_Store HTTP/1.1" 400 23666 "-" "python-requests/2.31.0"
172.16.0.20 - - [09/Mar/2026:01:04:10 +0000] "PUT / HTTP/1.1" 200 30412 "-" "bingbot/2.0 (+http://www.bing.com/bingbot.htm)"
103.21.244.10 - - [09/Mar/2026:01:10:10 +0000] "POST /api/search?q=javascript:alert('XSS') HTTP/1.1" 200 29323 "-" "python-requests/2.31.0"
8.8.8.1 - - [09/Mar/2026:01:10:10 +0000] "GET /index.html HTTP/1.1" 301 10524 "-" "Mozilla/5.0 (X11; Linux x86_64; rv:123.0) Gecko/20100101 Firefox/123.0"
10.0.0.5 - - [09/Mar/2026:01:12:10 +0000] "POST /about-us HTTP/1.1" 200 13242 "https://example.com" "Mozilla/5.0 (iPhone; CPU iPhone OS 17_0) AppleWebKit/605.1.15 Mobile Safari/604.1"
157.55.39.10 - - [09/Mar/2026:01:18:10 +0000] "GET /login HTTP/1.1" 200 43150 "-" "Mozilla/5.0 (X11; Linux x86_64; rv:123.0) Gecko/20100101 Firefox/123.0"
8.8.8.1 - - [09/Mar/2026:01:21:10 +0000] "PUT / HTTP/1.1" 302 20454 "https://example.com" "Mozilla/5.0 (iPhone; CPU iPhone OS 17_0) AppleWebKit/605.1.15 Mobile Safari/604.1"
10.0.0.8 - - [09/Mar/2026:01:36:10 +0000] "GET /login HTTP/1.1" 200 38533 "-" "DuckDuckBot/1.1 (+http://duckduckgo.com/duckduckbot.html)"
66.249.66.1 - - [09/Mar/2026:01:38:10 +0000] "PUT /pricing HTTP/1.1" 301 28407 "-" "Mozilla/5.0 (Windows NT 10.0; Win64; x64) AppleWebKit/537.36 Chrome/122.0 Safari/537.36"
192.168.1.10 - - [09/Mar/2026:01:41:10 +0000] "GET /blog/category/tech HTTP/1.1" 404 58522 "https://google.com" "Mozilla/5.0 (Windows NT 10.0; Win64; x64) AppleWebKit/537.36 Chrome/122.0 Safari/537.36"
185.220.1.5 - - [09/Mar/2026:01:45:10 +0000] "GET /api/users HTTP/1.1" 404 1406 "https://google.com" "bingbot/2.0 (+http://www.bing.com/bingbot.htm)"
104.21.33.10 - - [09/Mar/2026:01:47:10 +0000] "GET /search?q=sale HTTP/1.1" 304 55990 "-" "bingbot/2.0 (+http://www.bing.com/bingbot.htm)"
198.51.100.7 - - [09/Mar/2026:01:53:10 +0000] "GET /blog/post-1 HTTP/1.1" 304 32661 "-" "DuckDuckBot/1.1 (+http://duckduckgo.com/duckduckbot.html)"
103.21.244.10 - - [09/Mar/2026:01:56:10 +0000] "GET /config/database.yml HTTP/1.1" 400 37020 "-" "python-requests/2.31.0"
10.0.0.5 - - [09/Mar/2026:02:00:10 +0000] "PUT /faq HTTP/1.1" 200 25851 "-" "Mozilla/5.0 (Windows NT 10.0; Win64; x64) AppleWebKit/537.36 Chrome/122.0 Safari/537.36"
203.0.113.42 - - [09/Mar/2026:02:05:10 +0000] "POST /docs HTTP/1.1" 200 5472 "https://google.com" "Googlebot/2.1 (+http://www.google.com/bot.html)"
157.55.39.10 - - [09/Mar/2026:02:09:10 +0000] "POST /news/latest HTTP/1.1" 200 10398 "-" "bingbot/2.0 (+http://www.bing.com/bingbot.htm)"
10.0.0.8 - - [09/Mar/2026:02:11:10 +0000] "POST /about HTTP/1.1" 301 19845 "-" "bingbot/2.0 (+http://www.bing.com/bingbot.htm)"
94.103.82.1 - - [09/Mar/2026:02:26:10 +0000] "GET /logout HTTP/1.1" 302 47868 "-" "Googlebot/2.1 (+http://www.google.com/bot.html)"
192.168.1.50 - - [09/Mar/2026:02:26:10 +0000] "PUT /images/logo.png HTTP/1.1" 301 24193 "-" "Googlebot/2.1 (+http://www.google.com/bot.html)"
172.16.0.20 - - [09/Mar/2026:02:28:10 +0000] "GET /docs/quickstart HTTP/1.1" 302 24058 "-" "bingbot/2.0 (+http://www.bing.com/bingbot.htm)"
10.0.0.5 - - [09/Mar/2026:02:35:10 +0000] "GET / HTTP/1.1" 301 16068 "-" "Googlebot/2.1 (+http://www.google.com/bot.html)"
203.0.113.42 - - [09/Mar/2026:02:35:10 +0000] "GET /index.html HTTP/1.1" 200 41709 "https://google.com" "DuckDuckBot/1.1 (+http://duckduckgo.com/duckduckbot.html)"
104.21.33.10 - - [09/Mar/2026:02:38:10 +0000] "GET /checkout HTTP/1.1" 301 29196 "-" "Mozilla/5.0 (X11; Linux x86_64; rv:123.0) Gecko/20100101 Firefox/123.0"
192.168.1.25 - - [09/Mar/2026:02:47:10 +0000] "GET /api/users HTTP/1.1" 302 45312 "https://example.com" "Mozilla/5.0 (X11; Linux x86_64; rv:123.0) Gecko/20100101 Firefox/123.0"
10.0.0.5 - - [09/Mar/2026:02:48:10 +0000] "POST /shop HTTP/1.1" 404 38187 "-" "Googlebot/2.1 (+http://www.google.com/bot.html)"
157.55.39.10 - - [09/Mar/2026:02:49:10 +0000] "PUT /blog/category/tech HTTP/1.1" 200 19170 "-" "Mozilla/5.0 (Windows NT 10.0; Win64; x64) AppleWebKit/537.36 Chrome/122.0 Safari/537.36"
157.55.39.10 - - [09/Mar/2026:03:01:10 +0000] "GET /terms HTTP/1.1" 304 60106 "-" "Mozilla/5.0 (Macintosh; Intel Mac OS X 10_15_7) AppleWebKit/605.1.15 Safari/605.1.15"
8.8.8.1 - - [09/Mar/2026:03:03:10 +0000] "GET /privacy HTTP/1.1" 302 16774 "https://google.com" "Mozilla/5.0 (iPhone; CPU iPhone OS 17_0) AppleWebKit/605.1.15 Mobile Safari/604.1"
10.0.0.8 - - [09/Mar/2026:03:08:10 +0000] "POST /api/products HTTP/1.1" 200 5232 "-" "Mozilla/5.0 (X11; Linux x86_64; rv:123.0) Gecko/20100101 Firefox/123.0"
8.8.8.1 - - [09/Mar/2026:03:11:10 +0000] "GET /pricing HTTP/1.1" 200 63679 "https://example.com" "bingbot/2.0 (+http://www.bing.com/bingbot.htm)"
203.0.113.42 - - [09/Mar/2026:03:12:10 +0000] "GET /blog/post-1 HTTP/1.1" 200 9750 "-" "DuckDuckBot/1.1 (+http://duckduckgo.com/duckduckbot.html)"
104.21.33.10 - - [09/Mar/2026:03:16:10 +0000] "GET /blog/post-2 HTTP/1.1" 302 33961 "https://example.com" "DuckDuckBot/1.1 (+http://duckduckgo.com/duckduckbot.html)"
66.249.66.1 - - [09/Mar/2026:03:17:10 +0000] "GET /logout HTTP/1.1" 200 39826 "https://google.com" "Mozilla/5.0 (X11; Linux x86_64; rv:123.0) Gecko/20100101 Firefox/123.0"
10.0.0.5 - - [09/Mar/2026:03:28:10 +0000] "GET /search?q=laptop HTTP/1.1" 302 57592 "-" "bingbot/2.0 (+http://www.bing.com/bingbot.htm)"
172.16.0.8 - - [09/Mar/2026:03:37:10 +0000] "GET /docs/quickstart HTTP/1.1" 301 38629 "-" "Googlebot/2.1 (+http://www.google.com/bot.html)"
192.168.1.25 - - [09/Mar/2026:03:45:10 +0000] "POST /terms HTTP/1.1" 304 62570 "-" "Mozilla/5.0 (iPad; CPU OS 17_0 like Mac OS X) AppleWebKit/605.1.15 Mobile/15E148 Safari/604.1"
94.103.82.1 - - [09/Mar/2026:03:45:10 +0000] "GET /dashboard HTTP/1.1" 200 63436 "-" "Mozilla/5.0 (Macintosh; Intel Mac OS X 10_15_7) AppleWebKit/605.1.15 Safari/605.1.15"
10.0.0.8 - - [09/Mar/2026:03:46:10 +0000] "POST /index.html HTTP/1.1" 304 16330 "https://example.com" "DuckDuckBot/1.1 (+http://duckduckgo.com/duckduckbot.html)"
198.51.100.7 - - [09/Mar/2026:03:48:10 +0000] "PUT /api/orders HTTP/1.1" 404 57165 "https://example.com" "Mozilla/5.0 (iPad; CPU OS 17_0 like Mac OS X) AppleWebKit/605.1.15 Mobile/15E148 Safari/604.1"
103.21.244.10 - - [09/Mar/2026:03:52:10 +0000] "POST /.aws/credentials HTTP/1.1" 200 49837 "-" "python-requests/2.31.0"
157.55.39.10 - - [09/Mar/2026:03:52:10 +0000] "GET /products?sort=price HTTP/1.1" 404 28998 "-" "Mozilla/5.0 (Macintosh; Intel Mac OS X 10_15_7) AppleWebKit/605.1.15 Safari/605.1.15"
10.0.0.5 - - [09/Mar/2026:03:55:10 +0000] "GET /products?sort=price HTTP/1.1" 302 21051 "-" "Mozilla/5.0 (X11; Linux x86_64; rv:123.0) Gecko/20100101 Firefox/123.0"
172.16.0.20 - - [09/Mar/2026:03:58:10 +0000] "GET /contact HTTP/1.1" 301 59303 "-" "bingbot/2.0 (+http://www.bing.com/bingbot.htm)"
172.16.0.20 - - [09/Mar/2026:03:59:10 +0000] "PUT /pricing HTTP/1.1" 200 19728 "-" "bingbot/2.0 (+http://www.bing.com/bingbot.htm)"
103.21.244.10 - - [09/Mar/2026:04:03:10 +0000] "POST /.env.backup HTTP/1.1" 500 19538 "-" "python-requests/2.31.0"
10.0.0.8 - - [09/Mar/2026:04:05:10 +0000] "GET /index.html HTTP/1.1" 304 64439 "-" "Mozilla/5.0 (Windows NT 10.0; Win64; x64) AppleWebKit/537.36 Chrome/122.0 Safari/537.36"
66.249.66.1 - - [09/Mar/2026:04:09:10 +0000] "GET /api/products HTTP/1.1" 200 63710 "-" "DuckDuckBot/1.1 (+http://duckduckgo.com/duckduckbot.html)"
192.168.1.50 - - [09/Mar/2026:04:10:10 +0000] "POST /about HTTP/1.1" 301 17300 "https://example.com" "Mozilla/5.0 (Macintosh; Intel Mac OS X 10_15_7) AppleWebKit/605.1.15 Safari/605.1.15"
192.168.1.10 - - [09/Mar/2026:04:18:10 +0000] "GET /api/orders HTTP/1.1" 200 8746 "-" "Googlebot/2.1 (+http://www.google.com/bot.html)"
8.8.8.1 - - [09/Mar/2026:04:28:10 +0000] "GET /api/health HTTP/1.1" 200 60350 "-" "bingbot/2.0 (+http://www.bing.com/bingbot.htm)"
66.249.66.1 - - [09/Mar/2026:04:30:10 +0000] "GET /terms HTTP/1.1" 200 44382 "https://example.com" "Mozilla/5.0 (iPhone; CPU iPhone OS 17_0) AppleWebKit/605.1.15 Mobile Safari/604.1"
104.21.33.10 - - [09/Mar/2026:04:36:10 +0000] "GET /blog/post-2 HTTP/1.1" 404 58688 "-" "DuckDuckBot/1.1 (+http://duckduckgo.com/duckduckbot.html)"
172.16.0.8 - - [09/Mar/2026:04:36:10 +0000] "GET /api/orders HTTP/1.1" 200 30035 "-" "Mozilla/5.0 (iPad; CPU OS 17_0 like Mac OS X) AppleWebKit/605.1.15 Mobile/15E148 Safari/604.1"
203.0.113.42 - - [09/Mar/2026:04:50:10 +0000] "POST /about-us HTTP/1.1" 404 32693 "https://google.com" "Mozilla/5.0 (Macintosh; Intel Mac OS X 10_15_7) AppleWebKit/605.1.15 Safari/605.1.15"
157.55.39.10 - - [09/Mar/2026:04:53:10 +0000] "GET /terms HTTP/1.1" 404 31142 "https://example.com" "Mozilla/5.0 (Windows NT 10.0; Win64; x64) AppleWebKit/537.36 Chrome/122.0 Safari/537.36"
198.51.100.7 - - [09/Mar/2026:04:55:10 +0000] "POST /faq HTTP/1.1" 200 25577 "https://google.com" "Mozilla/5.0 (iPad; CPU OS 17_0 like Mac OS X) AppleWebKit/605.1.15 Mobile/15E148 Safari/604.1"
66.249.66.1 - - [09/Mar/2026:04:58:10 +0000] "POST /static/js/main.js HTTP/1.1" 304 13372 "-" "Mozilla/5.0 (X11; Linux x86_64; rv:123.0) Gecko/20100101 Firefox/123.0"
172.16.0.8 - - [09/Mar/2026:04:59:10 +0000] "GET /api/v1/health HTTP/1.1" 200 32801 "-" "Mozilla/5.0 (Macintosh; Intel Mac OS X 10_15_7) AppleWebKit/605.1.15 Safari/605.1.15"
10.0.0.5 - - [09/Mar/2026:05:02:10 +0000] "GET /products?sort=price HTTP/1.1" 404 12202 "https://example.com" "Googlebot/2.1 (+http://www.google.com/bot.html)"
172.16.0.8 - - [09/Mar/2026:05:02:10 +0000] "POST / HTTP/1.1" 200 62979 "https://example.com" "Mozilla/5.0 (iPad; CPU OS 17_0 like Mac OS X) AppleWebKit/605.1.15 Mobile/15E148 Safari/604.1"
172.16.0.8 - - [09/Mar/2026:05:05:10 +0000] "GET /logout HTTP/1.1" 200 46965 "-" "Mozilla/5.0 (Macintosh; Intel Mac OS X 10_15_7) AppleWebKit/605.1.15 Safari/605.1.15"
203.0.113.42 - - [09/Mar/2026:05:12:10 +0000] "GET /images/logo.png HTTP/1.1" 200 641 "-" "bingbot/2.0 (+http://www.bing.com/bingbot.htm)"
172.16.0.8 - - [09/Mar/2026:05:14:10 +0000] "GET /news HTTP/1.1" 302 10141 "-" "Googlebot/2.1 (+http://www.google.com/bot.html)"
10.0.0.5 - - [09/Mar/2026:05:24:10 +0000] "PUT /profile HTTP/1.1" 404 37291 "-" "Mozilla/5.0 (iPhone; CPU iPhone OS 17_0) AppleWebKit/605.1.15 Mobile Safari/604.1"
185.220.1.5 - - [09/Mar/2026:05:30:10 +0000] "PUT /docs/quickstart HTTP/1.1" 301 17935 "-" "DuckDuckBot/1.1 (+http://duckduckgo.com/duckduckbot.html)"
198.51.100.7 - - [09/Mar/2026:05:39:10 +0000] "GET /cart HTTP/1.1" 301 33389 "-" "Mozilla/5.0 (X11; Linux x86_64; rv:123.0) Gecko/20100101 Firefox/123.0"
10.0.0.5 - - [09/Mar/2026:05:44:10 +0000] "GET /favicon.ico HTTP/1.1" 302 64859 "https://google.com" "Mozilla/5.0 (Macintosh; Intel Mac OS X 10_15_7) AppleWebKit/605.1.15 Safari/605.1.15"
192.168.1.25 - - [09/Mar/2026:05:47:10 +0000] "GET /api/v1/stats HTTP/1.1" 200 42484 "-" "Mozilla/5.0 (Windows NT 10.0; Win64; x64) AppleWebKit/537.36 Chrome/122.0 Safari/537.36"
104.21.33.10 - - [09/Mar/2026:05:49:10 +0000] "GET /docs/quickstart HTTP/1.1" 200 3875 "-" "DuckDuckBot/1.1 (+http://duckduckgo.com/duckduckbot.html)"
8.8.8.1 - - [09/Mar/2026:05:56:10 +0000] "GET /news HTTP/1.1" 301 63035 "https://example.com" "Mozilla/5.0 (iPad; CPU OS 17_0 like Mac OS X) AppleWebKit/605.1.15 Mobile/15E148 Safari/604.1"
94.103.82.1 - - [09/Mar/2026:06:01:10 +0000] "GET /privacy HTTP/1.1" 200 30025 "-" "bingbot/2.0 (+http://www.bing.com/bingbot.htm)"
172.16.0.20 - - [09/Mar/2026:06:02:10 +0000] "POST /static/js/main.js HTTP/1.1" 200 11499 "-" "Googlebot/2.1 (+http://www.google.com/bot.html)"
8.8.8.1 - - [09/Mar/2026:06:14:10 +0000] "GET /products HTTP/1.1" 200 47732 "-" "Mozilla/5.0 (Windows NT 10.0; Win64; x64) AppleWebKit/537.36 Chrome/122.0 Safari/537.36"
8.8.8.1 - - [09/Mar/2026:06:25:10 +0000] "PUT /static/js/vendor.js HTTP/1.1" 200 23949 "https://example.com" "Googlebot/2.1 (+http://www.google.com/bot.html)"
172.16.0.8 - - [09/Mar/2026:06:31:10 +0000] "GET /search?q=sale HTTP/1.1" 301 46510 "-" "Mozilla/5.0 (Windows NT 10.0; Win64; x64) AppleWebKit/537.36 Chrome/122.0 Safari/537.36"
172.16.0.8 - - [09/Mar/2026:06:40:10 +0000] "POST /login HTTP/1.1" 200 53951 "-" "Mozilla/5.0 (iPhone; CPU iPhone OS 17_0) AppleWebKit/605.1.15 Mobile Safari/604.1"
157.55.39.10 - - [09/Mar/2026:06:50:10 +0000] "GET /news HTTP/1.1" 404 57513 "-" "Mozilla/5.0 (X11; Linux x86_64; rv:123.0) Gecko/20100101 Firefox/123.0"
10.0.0.8 - - [09/Mar/2026:07:04:10 +0000] "POST /blog/post-1 HTTP/1.1" 200 10724 "-" "bingbot/2.0 (+http://www.bing.com/bingbot.htm)"
8.8.8.1 - - [09/Mar/2026:07:06:10 +0000] "GET /robots.txt HTTP/1.1" 302 50384 "https://example.com" "Mozilla/5.0 (Macintosh; Intel Mac OS X 10_15_7) AppleWebKit/605.1.15 Safari/605.1.15"
192.168.1.25 - - [09/Mar/2026:07:30:10 +0000] "GET /api/users HTTP/1.1" 200 2118 "-" "Mozilla/5.0 (Macintosh; Intel Mac OS X 10_15_7) AppleWebKit/605.1.15 Safari/605.1.15"
157.55.39.10 - - [09/Mar/2026:07:34:10 +0000] "GET /search?q=laptop HTTP/1.1" 200 13712 "-" "Mozilla/5.0 (Macintosh; Intel Mac OS X 10_15_7) AppleWebKit/605.1.15 Safari/605.1.15"
172.16.0.20 - - [09/Mar/2026:07:47:10 +0000] "GET /faq HTTP/1.1" 200 36539 "-" "bingbot/2.0 (+http://www.bing.com/bingbot.htm)"
66.249.66.1 - - [09/Mar/2026:07:48:10 +0000] "POST /pricing HTTP/1.1" 200 32678 "https://google.com" "Mozilla/5.0 (iPad; CPU OS 17_0 like Mac OS X) AppleWebKit/605.1.15 Mobile/15E148 Safari/604.1"
10.0.0.5 - - [09/Mar/2026:07:49:10 +0000] "GET /faq HTTP/1.1" 304 22727 "-" "DuckDuckBot/1.1 (+http://duckduckgo.com/duckduckbot.html)"
172.16.0.8 - - [09/Mar/2026:07:53:10 +0000] "GET /products?page=2 HTTP/1.1" 200 22758 "-" "Mozilla/5.0 (iPad; CPU OS 17_0 like Mac OS X) AppleWebKit/605.1.15 Mobile/15E148 Safari/604.1"
198.51.100.7 - - [09/Mar/2026:08:04:10 +0000] "POST /profile HTTP/1.1" 302 18421 "-" "Mozilla/5.0 (Windows NT 10.0; Win64; x64) AppleWebKit/537.36 Chrome/122.0 Safari/537.36"
185.220.1.5 - - [09/Mar/2026:08:05:10 +0000] "GET /robots.txt HTTP/1.1" 200 36086 "-" "bingbot/2.0 (+http://www.bing.com/bingbot.htm)"
157.55.39.10 - - [09/Mar/2026:08:11:10 +0000] "POST /images/logo.png HTTP/1.1" 404 6814 "https://example.com" "DuckDuckBot/1.1 (+http://duckduckgo.com/duckduckbot.html)"
172.16.0.20 - - [09/Mar/2026:08:14:10 +0000] "POST /blog/category/tech HTTP/1.1" 304 8116 "-" "Mozilla/5.0 (X11; Linux x86_64; rv:123.0) Gecko/20100101 Firefox/123.0"
198.51.100.7 - - [09/Mar/2026:08:27:10 +0000] "GET /blog HTTP/1.1" 200 17994 "-" "Mozilla/5.0 (iPhone; CPU iPhone OS 17_0) AppleWebKit/605.1.15 Mobile Safari/604.1"
192.168.1.50 - - [09/Mar/2026:08:34:10 +0000] "GET /products HTTP/1.1" 304 50579 "-" "Mozilla/5.0 (Macintosh; Intel Mac OS X 10_15_7) AppleWebKit/605.1.15 Safari/605.1.15"
66.249.66.1 - - [09/Mar/2026:08:35:10 +0000] "GET /products HTTP/1.1" 200 26117 "-" "Googlebot/2.1 (+http://www.google.com/bot.html)"
10.0.0.8 - - [09/Mar/2026:08:40:10 +0000] "GET /products?page=2 HTTP/1.1" 200 40649 "-" "Mozilla/5.0 (iPad; CPU OS 17_0 like Mac OS X) AppleWebKit/605.1.15 Mobile/15E148 Safari/604.1"
198.51.100.7 - - [09/Mar/2026:08:49:10 +0000] "POST /index.html HTTP/1.1" 200 60969 "-" "Googlebot/2.1 (+http://www.google.com/bot.html)"
94.103.82.1 - - [09/Mar/2026:08:51:10 +0000] "PUT /products?page=2 HTTP/1.1" 302 32800 "https://google.com" "Mozilla/5.0 (Macintosh; Intel Mac OS X 10_15_7) AppleWebKit/605.1.15 Safari/605.1.15"
94.103.82.1 - - [09/Mar/2026:08:56:10 +0000] "PUT /terms HTTP/1.1" 200 3786 "https://google.com" "bingbot/2.0 (+http://www.bing.com/bingbot.htm)"
8.8.8.1 - - [09/Mar/2026:09:01:10 +0000] "PUT /contact-us HTTP/1.1" 200 4040 "-" "bingbot/2.0 (+http://www.bing.com/bingbot.htm)"
192.168.1.25 - - [09/Mar/2026:09:17:10 +0000] "POST / HTTP/1.1" 404 25372 "https://example.com" "Mozilla/5.0 (Macintosh; Intel Mac OS X 10_15_7) AppleWebKit/605.1.15 Safari/605.1.15"
172.16.0.8 - - [09/Mar/2026:09:17:10 +0000] "GET /blog HTTP/1.1" 200 14190 "-" "Mozilla/5.0 (iPhone; CPU iPhone OS 17_0) AppleWebKit/605.1.15 Mobile Safari/604.1"
94.103.82.1 - - [09/Mar/2026:09:19:10 +0000] "POST /index.html HTTP/1.1" 301 50780 "-" "Mozilla/5.0 (Macintosh; Intel Mac OS X 10_15_7) AppleWebKit/605.1.15 Safari/605.1.15"
10.0.0.8 - - [09/Mar/2026:09:25:10 +0000] "PUT /shop/laptop HTTP/1.1" 302 32037 "https://example.com" "bingbot/2.0 (+http://www.bing.com/bingbot.htm)"
157.55.39.10 - - [09/Mar/2026:09:31:10 +0000] "GET /products?sort=price HTTP/1.1" 200 828 "https://example.com" "bingbot/2.0 (+http://www.bing.com/bingbot.htm)"
157.55.39.10 - - [09/Mar/2026:09:37:10 +0000] "GET /contact-us HTTP/1.1" 302 13112 "https://example.com" "Mozilla/5.0 (iPad; CPU OS 17_0 like Mac OS X) AppleWebKit/605.1.15 Mobile/15E148 Safari/604.1"
94.103.82.1 - - [09/Mar/2026:09:38:10 +0000] "GET /docs/quickstart HTTP/1.1" 200 38776 "-" "Mozilla/5.0 (Macintosh; Intel Mac OS X 10_15_7) AppleWebKit/605.1.15 Safari/605.1.15"
66.249.66.1 - - [09/Mar/2026:09:39:10 +0000] "POST /static/js/vendor.js HTTP/1.1" 301 25045 "https://example.com" "Mozilla/5.0 (iPhone; CPU iPhone OS 17_0) AppleWebKit/605.1.15 Mobile Safari/604.1"
66.249.66.1 - - [09/Mar/2026:09:48:10 +0000] "GET /favicon.ico HTTP/1.1" 200 5299 "-" "Mozilla/5.0 (iPad; CPU OS 17_0 like Mac OS X) AppleWebKit/605.1.15 Mobile/15E148 Safari/604.1"
94.103.82.1 - - [09/Mar/2026:09:52:10 +0000] "GET /products HTTP/1.1" 404 27763 "-" "Mozilla/5.0 (iPhone; CPU iPhone OS 17_0) AppleWebKit/605.1.15 Mobile Safari/604.1"
192.168.1.25 - - [09/Mar/2026:09:52:10 +0000] "GET /cart HTTP/1.1" 404 63230 "-" "bingbot/2.0 (+http://www.bing.com/bingbot.htm)"
157.55.39.10 - - [09/Mar/2026:09:59:10 +0000] "GET /logout HTTP/1.1" 200 60807 "-" "Mozilla/5.0 (X11; Linux x86_64; rv:123.0) Gecko/20100101 Firefox/123.0"
8.8.8.1 - - [09/Mar/2026:10:04:10 +0000] "POST /favicon.ico HTTP/1.1" 200 51300 "-" "bingbot/2.0 (+http://www.bing.com/bingbot.htm)"
192.168.1.10 - - [09/Mar/2026:10:10:10 +0000] "GET /faq HTTP/1.1" 200 60307 "-" "bingbot/2.0 (+http://www.bing.com/bingbot.htm)"
66.249.66.1 - - [09/Mar/2026:10:20:10 +0000] "PUT /docs HTTP/1.1" 200 12607 "https://google.com" "Mozilla/5.0 (Macintosh; Intel Mac OS X 10_15_7) AppleWebKit/605.1.15 Safari/605.1.15"
8.8.8.1 - - [09/Mar/2026:10:29:10 +0000] "GET /docs HTTP/1.1" 200 15983 "https://google.com" "Mozilla/5.0 (iPhone; CPU iPhone OS 17_0) AppleWebKit/605.1.15 Mobile Safari/604.1"
10.0.0.5 - - [09/Mar/2026:10:34:10 +0000] "GET /faq HTTP/1.1" 200 61184 "https://example.com" "DuckDuckBot/1.1 (+http://duckduckgo.com/duckduckbot.html)"
172.16.0.20 - - [09/Mar/2026:10:36:10 +0000] "GET /about-us HTTP/1.1" 304 30711 "-" "DuckDuckBot/1.1 (+http://duckduckgo.com/duckduckbot.html)"
66.249.66.1 - - [09/Mar/2026:10:47:10 +0000] "PUT /static/js/vendor.js HTTP/1.1" 200 40113 "https://google.com" "bingbot/2.0 (+http://www.bing.com/bingbot.htm)"
198.51.100.7 - - [09/Mar/2026:10:54:10 +0000] "POST /docs HTTP/1.1" 200 17012 "https://google.com" "Mozilla/5.0 (X11; Linux x86_64; rv:123.0) Gecko/20100101 Firefox/123.0"
172.16.0.20 - - [09/Mar/2026:10:58:10 +0000] "PUT /contact HTTP/1.1" 200 11980 "-" "Mozilla/5.0 (iPad; CPU OS 17_0 like Mac OS X) AppleWebKit/605.1.15 Mobile/15E148 Safari/604.1"
198.51.100.7 - - [09/Mar/2026:11:10:10 +0000] "GET /index.html HTTP/1.1" 200 51325 "-" "Mozilla/5.0 (iPad; CPU OS 17_0 like Mac OS X) AppleWebKit/605.1.15 Mobile/15E148 Safari/604.1"
203.0.113.42 - - [09/Mar/2026:11:10:10 +0000] "POST /images/hero.jpg HTTP/1.1" 200 58585 "-" "Mozilla/5.0 (Windows NT 10.0; Win64; x64) AppleWebKit/537.36 Chrome/122.0 Safari/537.36"
157.55.39.10 - - [09/Mar/2026:11:12:10 +0000] "POST /images/hero.jpg HTTP/1.1" 404 18574 "-" "Googlebot/2.1 (+http://www.google.com/bot.html)"
10.0.0.5 - - [09/Mar/2026:11:13:10 +0000] "GET /about HTTP/1.1" 302 64510 "https://google.com" "Mozilla/5.0 (Macintosh; Intel Mac OS X 10_15_7) AppleWebKit/605.1.15 Safari/605.1.15"
192.168.1.25 - - [09/Mar/2026:11:39:10 +0000] "GET /privacy HTTP/1.1" 404 47018 "-" "Googlebot/2.1 (+http://www.google.com/bot.html)"
66.249.66.1 - - [09/Mar/2026:11:52:10 +0000] "POST /images/hero.jpg HTTP/1.1" 404 61375 "https://google.com" "Mozilla/5.0 (X11; Linux x86_64; rv:123.0) Gecko/20100101 Firefox/123.0"
185.220.1.5 - - [09/Mar/2026:11:55:10 +0000] "PUT /api/health HTTP/1.1" 200 15090 "https://google.com" "Mozilla/5.0 (Macintosh; Intel Mac OS X 10_15_7) AppleWebKit/605.1.15 Safari/605.1.15"
157.55.39.10 - - [09/Mar/2026:12:02:10 +0000] "GET /blog/category/tech HTTP/1.1" 301 23876 "https://example.com" "Mozilla/5.0 (Windows NT 10.0; Win64; x64) AppleWebKit/537.36 Chrome/122.0 Safari/537.36"
94.103.82.1 - - [09/Mar/2026:12:03:10 +0000] "GET /privacy HTTP/1.1" 301 45065 "https://google.com" "bingbot/2.0 (+http://www.bing.com/bingbot.htm)"
10.0.0.8 - - [09/Mar/2026:12:03:10 +0000] "PUT /shop HTTP/1.1" 200 59030 "-" "Mozilla/5.0 (Macintosh; Intel Mac OS X 10_15_7) AppleWebKit/605.1.15 Safari/605.1.15"
185.220.1.5 - - [09/Mar/2026:12:15:10 +0000] "POST /api/orders HTTP/1.1" 301 27493 "https://google.com" "Mozilla/5.0 (Macintosh; Intel Mac OS X 10_15_7) AppleWebKit/605.1.15 Safari/605.1.15"
198.51.100.7 - - [09/Mar/2026:12:20:10 +0000] "PUT /docs/quickstart HTTP/1.1" 200 13261 "-" "Mozilla/5.0 (X11; Linux x86_64; rv:123.0) Gecko/20100101 Firefox/123.0"
10.0.0.8 - - [09/Mar/2026:12:27:10 +0000] "GET /api/health HTTP/1.1" 200 38428 "https://example.com" "Mozilla/5.0 (Windows NT 10.0; Win64; x64) AppleWebKit/537.36 Chrome/122.0 Safari/537.36"
172.16.0.8 - - [09/Mar/2026:12:44:10 +0000] "GET /shop HTTP/1.1" 200 50127 "https://example.com" "Mozilla/5.0 (Macintosh; Intel Mac OS X 10_15_7) AppleWebKit/605.1.15 Safari/605.1.15"
66.249.66.1 - - [09/Mar/2026:12:50:10 +0000] "GET /logout HTTP/1.1" 304 17512 "https://example.com" "Mozilla/5.0 (X11; Linux x86_64; rv:123.0) Gecko/20100101 Firefox/123.0"
104.21.33.10 - - [09/Mar/2026:13:05:10 +0000] "POST /settings HTTP/1.1" 200 1347 "https://google.com" "Mozilla/5.0 (iPhone; CPU iPhone OS 17_0) AppleWebKit/605.1.15 Mobile Safari/604.1"
104.21.33.10 - - [09/Mar/2026:13:09:10 +0000] "GET /api/health HTTP/1.1" 302 27567 "https://google.com" "Mozilla/5.0 (Macintosh; Intel Mac OS X 10_15_7) AppleWebKit/605.1.15 Safari/605.1.15"
157.55.39.10 - - [09/Mar/2026:13:15:10 +0000] "PUT /news HTTP/1.1" 404 8492 "-" "DuckDuckBot/1.1 (+http://duckduckgo.com/duckduckbot.html)"
157.55.39.10 - - [09/Mar/2026:13:17:10 +0000] "POST /about-us HTTP/1.1" 200 53142 "-" "Googlebot/2.1 (+http://www.google.com/bot.html)"
172.16.0.8 - - [09/Mar/2026:13:17:10 +0000] "GET /about-us HTTP/1.1" 302 50571 "https://example.com" "Mozilla/5.0 (X11; Linux x86_64; rv:123.0) Gecko/20100101 Firefox/123.0"
172.16.0.20 - - [09/Mar/2026:13:23:10 +0000] "GET /news/latest HTTP/1.1" 200 40935 "-" "Mozilla/5.0 (X11; Linux x86_64; rv:123.0) Gecko/20100101 Firefox/123.0"
157.55.39.10 - - [09/Mar/2026:13:39:10 +0000] "GET /api/health HTTP/1.1" 200 5589 "-" "Mozilla/5.0 (iPad; CPU OS 17_0 like Mac OS X) AppleWebKit/605.1.15 Mobile/15E148 Safari/604.1"
8.8.8.1 - - [09/Mar/2026:13:40:10 +0000] "GET /docs HTTP/1.1" 302 40189 "-" "bingbot/2.0 (+http://www.bing.com/bingbot.htm)"
192.168.1.50 - - [09/Mar/2026:13:45:10 +0000] "POST /index.html HTTP/1.1" 200 35848 "-" "Mozilla/5.0 (Macintosh; Intel Mac OS X 10_15_7) AppleWebKit/605.1.15 Safari/605.1.15"
192.168.1.10 - - [09/Mar/2026:13:49:10 +0000] "GET /search?q=iphone HTTP/1.1" 200 34364 "https://google.com" "Mozilla/5.0 (iPad; CPU OS 17_0 like Mac OS X) AppleWebKit/605.1.15 Mobile/15E148 Safari/604.1"
192.168.1.10 - - [09/Mar/2026:13:53:10 +0000] "GET /blog/post-1 HTTP/1.1" 200 50427 "https://example.com" "Mozilla/5.0 (X11; Linux x86_64; rv:123.0) Gecko/20100101 Firefox/123.0"
8.8.8.1 - - [09/Mar/2026:13:59:10 +0000] "GET /dashboard HTTP/1.1" 200 36618 "-" "Mozilla/5.0 (Windows NT 10.0; Win64; x64) AppleWebKit/537.36 Chrome/122.0 Safari/537.36"
185.220.1.5 - - [09/Mar/2026:14:04:10 +0000] "PUT /blog/post-1 HTTP/1.1" 200 4933 "https://example.com" "DuckDuckBot/1.1 (+http://duckduckgo.com/duckduckbot.html)"
192.168.1.50 - - [09/Mar/2026:14:06:10 +0000] "GET /logout HTTP/1.1" 304 42832 "https://google.com" "Googlebot/2.1 (+http://www.google.com/bot.html)"
157.55.39.10 - - [09/Mar/2026:14:11:10 +0000] "GET /api/v1/stats HTTP/1.1" 304 21231 "https://google.com" "DuckDuckBot/1.1 (+http://duckduckgo.com/duckduckbot.html)"
203.0.113.42 - - [09/Mar/2026:14:26:10 +0000] "GET /search?q=laptop HTTP/1.1" 200 16350 "-" "Mozilla/5.0 (X11; Linux x86_64; rv:123.0) Gecko/20100101 Firefox/123.0"
192.168.1.25 - - [09/Mar/2026:14:32:10 +0000] "POST /login HTTP/1.1" 200 15326 "-" "DuckDuckBot/1.1 (+http://duckduckgo.com/duckduckbot.html)"
10.0.0.8 - - [09/Mar/2026:14:35:10 +0000] "POST /shop HTTP/1.1" 304 46104 "https://google.com" "Mozilla/5.0 (Macintosh; Intel Mac OS X 10_15_7) AppleWebKit/605.1.15 Safari/605.1.15"
203.0.113.42 - - [09/Mar/2026:14:40:10 +0000] "PUT /static/js/main.js HTTP/1.1" 200 26309 "-" "Mozilla/5.0 (Windows NT 10.0; Win64; x64) AppleWebKit/537.36 Chrome/122.0 Safari/537.36"
66.249.66.1 - - [09/Mar/2026:14:41:10 +0000] "POST /checkout HTTP/1.1" 200 25370 "-" "Googlebot/2.1 (+http://www.google.com/bot.html)"
172.16.0.20 - - [09/Mar/2026:14:43:10 +0000] "PUT /shop HTTP/1.1" 200 63100 "-" "Mozilla/5.0 (Macintosh; Intel Mac OS X 10_15_7) AppleWebKit/605.1.15 Safari/605.1.15"
66.249.66.1 - - [09/Mar/2026:14:45:10 +0000] "PUT /static/css/app.css HTTP/1.1" 200 36914 "-" "Mozilla/5.0 (iPad; CPU OS 17_0 like Mac OS X) AppleWebKit/605.1.15 Mobile/15E148 Safari/604.1"
192.168.1.50 - - [09/Mar/2026:14:45:10 +0000] "GET /search?q=laptop HTTP/1.1" 200 36414 "-" "Mozilla/5.0 (Macintosh; Intel Mac OS X 10_15_7) AppleWebKit/605.1.15 Safari/605.1.15"
172.16.0.8 - - [09/Mar/2026:14:49:10 +0000] "GET /shop HTTP/1.1" 200 58836 "-" "Mozilla/5.0 (iPhone; CPU iPhone OS 17_0) AppleWebKit/605.1.15 Mobile Safari/604.1"
192.168.1.25 - - [09/Mar/2026:14:56:10 +0000] "GET /docs HTTP/1.1" 200 29332 "-" "Mozilla/5.0 (iPad; CPU OS 17_0 like Mac OS X) AppleWebKit/605.1.15 Mobile/15E148 Safari/604.1"
66.249.66.1 - - [09/Mar/2026:15:00:10 +0000] "POST /shop/phone HTTP/1.1" 301 40767 "https://google.com" "Mozilla/5.0 (Windows NT 10.0; Win64; x64) AppleWebKit/537.36 Chrome/122.0 Safari/537.36"
104.21.33.10 - - [09/Mar/2026:15:06:10 +0000] "GET /search?q=sale HTTP/1.1" 304 10055 "https://google.com" "Mozilla/5.0 (Windows NT 10.0; Win64; x64) AppleWebKit/537.36 Chrome/122.0 Safari/537.36"
94.103.82.1 - - [09/Mar/2026:15:18:10 +0000] "GET /search?q=sale HTTP/1.1" 200 28830 "-" "bingbot/2.0 (+http://www.bing.com/bingbot.htm)"
198.51.100.7 - - [09/Mar/2026:15:26:10 +0000] "POST /shop/laptop HTTP/1.1" 304 52991 "https://google.com" "Mozilla/5.0 (Macintosh; Intel Mac OS X 10_15_7) AppleWebKit/605.1.15 Safari/605.1.15"
104.21.33.10 - - [09/Mar/2026:15:27:10 +0000] "GET /privacy HTTP/1.1" 200 58313 "-" "Mozilla/5.0 (X11; Linux x86_64; rv:123.0) Gecko/20100101 Firefox/123.0"
203.0.113.42 - - [09/Mar/2026:15:28:10 +0000] "GET /api/v1/stats HTTP/1.1" 301 45157 "-" "bingbot/2.0 (+http://www.bing.com/bingbot.htm)"
10.0.0.5 - - [09/Mar/2026:15:32:10 +0000] "GET /checkout HTTP/1.1" 200 59784 "-" "bingbot/2.0 (+http://www.bing.com/bingbot.htm)"
10.0.0.8 - - [09/Mar/2026:15:33:10 +0000] "GET /api/v1/stats HTTP/1.1" 302 54453 "https://example.com" "bingbot/2.0 (+http://www.bing.com/bingbot.htm)"
198.51.100.7 - - [09/Mar/2026:15:35:10 +0000] "GET /api/users HTTP/1.1" 200 49467 "https://google.com" "Mozilla/5.0 (iPhone; CPU iPhone OS 17_0) AppleWebKit/605.1.15 Mobile Safari/604.1"
198.51.100.7 - - [09/Mar/2026:15:37:10 +0000] "PUT /static/js/vendor.js HTTP/1.1" 404 41061 "https://google.com" "Googlebot/2.1 (+http://www.google.com/bot.html)"
104.21.33.10 - - [09/Mar/2026:15:44:10 +0000] "PUT /pricing HTTP/1.1" 200 13589 "-" "Mozilla/5.0 (iPad; CPU OS 17_0 like Mac OS X) AppleWebKit/605.1.15 Mobile/15E148 Safari/604.1"
192.168.1.50 - - [09/Mar/2026:15:49:10 +0000] "GET /api/orders HTTP/1.1" 200 18845 "https://example.com" "Mozilla/5.0 (iPad; CPU OS 17_0 like Mac OS X) AppleWebKit/605.1.15 Mobile/15E148 Safari/604.1"
172.16.0.20 - - [09/Mar/2026:15:52:10 +0000] "GET /contact-us HTTP/1.1" 200 62331 "-" "Mozilla/5.0 (iPhone; CPU iPhone OS 17_0) AppleWebKit/605.1.15 Mobile Safari/604.1"
10.0.0.8 - - [09/Mar/2026:16:03:10 +0000] "POST /faq HTTP/1.1" 200 14885 "https://example.com" "DuckDuckBot/1.1 (+http://duckduckgo.com/duckduckbot.html)"
66.249.66.1 - - [09/Mar/2026:16:07:10 +0000] "GET /sitemap.xml HTTP/1.1" 200 15331 "-" "bingbot/2.0 (+http://www.bing.com/bingbot.htm)"
10.0.0.5 - - [09/Mar/2026:16:08:10 +0000] "GET /news HTTP/1.1" 200 11924 "https://example.com" "bingbot/2.0 (+http://www.bing.com/bingbot.htm)"
94.103.82.1 - - [09/Mar/2026:16:13:10 +0000] "GET /profile HTTP/1.1" 200 40462 "-" "Mozilla/5.0 (Windows NT 10.0; Win64; x64) AppleWebKit/537.36 Chrome/122.0 Safari/537.36"
203.0.113.42 - - [09/Mar/2026:16:16:10 +0000] "GET /terms HTTP/1.1" 200 39630 "-" "Mozilla/5.0 (iPhone; CPU iPhone OS 17_0) AppleWebKit/605.1.15 Mobile Safari/604.1"
10.0.0.5 - - [09/Mar/2026:16:23:10 +0000] "GET / HTTP/1.1" 200 39169 "-" "Mozilla/5.0 (X11; Linux x86_64; rv:123.0) Gecko/20100101 Firefox/123.0"
203.0.113.42 - - [09/Mar/2026:16:24:10 +0000] "GET /images/hero.jpg HTTP/1.1" 301 53277 "https://example.com" "DuckDuckBot/1.1 (+http://duckduckgo.com/duckduckbot.html)"
203.0.113.42 - - [09/Mar/2026:16:34:10 +0000] "GET /products HTTP/1.1" 200 58300 "https://example.com" "bingbot/2.0 (+http://www.bing.com/bingbot.htm)"
10.0.0.8 - - [09/Mar/2026:16:38:10 +0000] "POST /static/js/main.js HTTP/1.1" 302 54726 "-" "Googlebot/2.1 (+http://www.google.com/bot.html)"
10.0.0.8 - - [09/Mar/2026:16:39:10 +0000] "PUT /pricing HTTP/1.1" 301 20765 "-" "DuckDuckBot/1.1 (+http://duckduckgo.com/duckduckbot.html)"
172.16.0.8 - - [09/Mar/2026:16:40:10 +0000] "PUT /login HTTP/1.1" 304 54240 "-" "Mozilla/5.0 (Macintosh; Intel Mac OS X 10_15_7) AppleWebKit/605.1.15 Safari/605.1.15"
94.103.82.1 - - [09/Mar/2026:16:54:10 +0000] "GET /products?sort=price HTTP/1.1" 404 11923 "-" "Mozilla/5.0 (iPhone; CPU iPhone OS 17_0) AppleWebKit/605.1.15 Mobile Safari/604.1"
198.51.100.7 - - [09/Mar/2026:17:03:10 +0000] "GET /favicon.ico HTTP/1.1" 304 17188 "https://google.com" "Mozilla/5.0 (iPhone; CPU iPhone OS 17_0) AppleWebKit/605.1.15 Mobile Safari/604.1"
10.0.0.8 - - [09/Mar/2026:17:05:10 +0000] "PUT /static/css/app.css HTTP/1.1" 404 44879 "-" "Mozilla/5.0 (iPhone; CPU iPhone OS 17_0) AppleWebKit/605.1.15 Mobile Safari/604.1"
192.168.1.10 - - [09/Mar/2026:17:18:10 +0000] "GET /blog/post-2 HTTP/1.1" 301 29942 "-" "Mozilla/5.0 (X11; Linux x86_64; rv:123.0) Gecko/20100101 Firefox/123.0"
104.21.33.10 - - [09/Mar/2026:17:22:10 +0000] "POST /pricing HTTP/1.1" 200 59298 "https://google.com" "Mozilla/5.0 (Macintosh; Intel Mac OS X 10_15_7) AppleWebKit/605.1.15 Safari/605.1.15"
94.103.82.1 - - [09/Mar/2026:17:22:10 +0000] "POST /docs/quickstart HTTP/1.1" 200 17774 "https://example.com" "Googlebot/2.1 (+http://www.google.com/bot.html)"
192.168.1.50 - - [09/Mar/2026:17:33:10 +0000] "PUT /login HTTP/1.1" 200 51927 "https://google.com" "Mozilla/5.0 (iPad; CPU OS 17_0 like Mac OS X) AppleWebKit/605.1.15 Mobile/15E148 Safari/604.1"
104.21.33.10 - - [09/Mar/2026:17:33:10 +0000] "POST /faq HTTP/1.1" 200 20115 "https://google.com" "Googlebot/2.1 (+http://www.google.com/bot.html)"
185.220.1.5 - - [09/Mar/2026:17:39:10 +0000] "GET /images/hero.jpg HTTP/1.1" 404 63657 "https://example.com" "Mozilla/5.0 (iPhone; CPU iPhone OS 17_0) AppleWebKit/605.1.15 Mobile Safari/604.1"
192.168.1.50 - - [09/Mar/2026:17:42:10 +0000] "GET /contact HTTP/1.1" 304 46195 "https://example.com" "Mozilla/5.0 (Windows NT 10.0; Win64; x64) AppleWebKit/537.36 Chrome/122.0 Safari/537.36"
192.168.1.10 - - [09/Mar/2026:17:55:10 +0000] "PUT /search?q=iphone HTTP/1.1" 301 5374 "-" "Mozilla/5.0 (X11; Linux x86_64; rv:123.0) Gecko/20100101 Firefox/123.0"
192.168.1.10 - - [09/Mar/2026:17:55:10 +0000] "GET /shop/phone HTTP/1.1" 304 58739 "-" "Mozilla/5.0 (Macintosh; Intel Mac OS X 10_15_7) AppleWebKit/605.1.15 Safari/605.1.15"
192.168.1.25 - - [09/Mar/2026:18:00:10 +0000] "PUT /faq HTTP/1.1" 200 54821 "https://example.com" "bingbot/2.0 (+http://www.bing.com/bingbot.htm)"
94.103.82.1 - - [09/Mar/2026:18:05:10 +0000] "GET /robots.txt HTTP/1.1" 301 24291 "https://google.com" "Mozilla/5.0 (iPad; CPU OS 17_0 like Mac OS X) AppleWebKit/605.1.15 Mobile/15E148 Safari/604.1"
192.168.1.10 - - [09/Mar/2026:18:05:10 +0000] "GET /products HTTP/1.1" 200 15170 "https://google.com" "Mozilla/5.0 (Windows NT 10.0; Win64; x64) AppleWebKit/537.36 Chrome/122.0 Safari/537.36"
157.55.39.10 - - [09/Mar/2026:18:08:10 +0000] "GET /sitemap.xml HTTP/1.1" 200 23684 "https://example.com" "DuckDuckBot/1.1 (+http://duckduckgo.com/duckduckbot.html)"
66.249.66.1 - - [09/Mar/2026:18:42:10 +0000] "GET /contact HTTP/1.1" 200 33665 "https://google.com" "Mozilla/5.0 (iPad; CPU OS 17_0 like Mac OS X) AppleWebKit/605.1.15 Mobile/15E148 Safari/604.1"
10.0.0.5 - - [09/Mar/2026:19:01:10 +0000] "GET /login HTTP/1.1" 200 1804 "https://example.com" "Mozilla/5.0 (Windows NT 10.0; Win64; x64) AppleWebKit/537.36 Chrome/122.0 Safari/537.36"
198.51.100.7 - - [09/Mar/2026:19:05:10 +0000] "GET /products?page=2 HTTP/1.1" 200 18298 "https://google.com" "Mozilla/5.0 (X11; Linux x86_64; rv:123.0) Gecko/20100101 Firefox/123.0"
192.168.1.50 - - [09/Mar/2026:19:08:10 +0000] "POST /api/products HTTP/1.1" 200 27724 "https://google.com" "DuckDuckBot/1.1 (+http://duckduckgo.com/duckduckbot.html)"
104.21.33.10 - - [09/Mar/2026:19:11:10 +0000] "GET /logout HTTP/1.1" 200 15624 "-" "Googlebot/2.1 (+http://www.google.com/bot.html)"
104.21.33.10 - - [09/Mar/2026:19:12:10 +0000] "PUT /contact-us HTTP/1.1" 200 7570 "-" "Mozilla/5.0 (X11; Linux x86_64; rv:123.0) Gecko/20100101 Firefox/123.0"
192.168.1.25 - - [09/Mar/2026:19:16:10 +0000] "GET /pricing HTTP/1.1" 200 64236 "https://google.com" "Mozilla/5.0 (iPad; CPU OS 17_0 like Mac OS X) AppleWebKit/605.1.15 Mobile/15E148 Safari/604.1"
8.8.8.1 - - [09/Mar/2026:19:24:10 +0000] "GET / HTTP/1.1" 304 58610 "-" "bingbot/2.0 (+http://www.bing.com/bingbot.htm)"
192.168.1.10 - - [09/Mar/2026:19:32:10 +0000] "PUT /products HTTP/1.1" 200 47180 "-" "Mozilla/5.0 (Windows NT 10.0; Win64; x64) AppleWebKit/537.36 Chrome/122.0 Safari/537.36"
104.21.33.10 - - [09/Mar/2026:19:41:10 +0000] "GET /favicon.ico HTTP/1.1" 200 11858 "-" "Mozilla/5.0 (Windows NT 10.0; Win64; x64) AppleWebKit/537.36 Chrome/122.0 Safari/537.36"
66.249.66.1 - - [09/Mar/2026:19:44:10 +0000] "GET /products?sort=price HTTP/1.1" 404 55942 "https://example.com" "Googlebot/2.1 (+http://www.google.com/bot.html)"
172.16.0.8 - - [09/Mar/2026:19:49:10 +0000] "GET /search?q=laptop HTTP/1.1" 200 44470 "-" "Mozilla/5.0 (X11; Linux x86_64; rv:123.0) Gecko/20100101 Firefox/123.0"
172.16.0.8 - - [09/Mar/2026:19:56:10 +0000] "PUT /faq HTTP/1.1" 304 13113 "-" "DuckDuckBot/1.1 (+http://duckduckgo.com/duckduckbot.html)"
192.168.1.50 - - [09/Mar/2026:20:03:10 +0000] "GET /docs/quickstart HTTP/1.1" 200 32173 "-" "Mozilla/5.0 (iPad; CPU OS 17_0 like Mac OS X) AppleWebKit/605.1.15 Mobile/15E148 Safari/604.1"
192.168.1.10 - - [09/Mar/2026:20:15:10 +0000] "POST /blog/post-2 HTTP/1.1" 301 13345 "https://google.com" "Mozilla/5.0 (iPhone; CPU iPhone OS 17_0) AppleWebKit/605.1.15 Mobile Safari/604.1"
192.168.1.25 - - [09/Mar/2026:20:23:10 +0000] "PUT /checkout HTTP/1.1" 200 20831 "-" "Googlebot/2.1 (+http://www.google.com/bot.html)"
10.0.0.5 - - [09/Mar/2026:20:27:10 +0000] "GET /shop/laptop HTTP/1.1" 200 64892 "https://google.com" "Mozilla/5.0 (Windows NT 10.0; Win64; x64) AppleWebKit/537.36 Chrome/122.0 Safari/537.36"
10.0.0.5 - - [09/Mar/2026:20:30:10 +0000] "PUT /blog/category/tech HTTP/1.1" 200 64701 "https://google.com" "Googlebot/2.1 (+http://www.google.com/bot.html)"
8.8.8.1 - - [09/Mar/2026:20:39:10 +0000] "GET /blog HTTP/1.1" 301 53345 "-" "Mozilla/5.0 (iPad; CPU OS 17_0 like Mac OS X) AppleWebKit/605.1.15 Mobile/15E148 Safari/604.1"
192.168.1.25 - - [09/Mar/2026:20:46:10 +0000] "POST /robots.txt HTTP/1.1" 200 25993 "-" "Mozilla/5.0 (Macintosh; Intel Mac OS X 10_15_7) AppleWebKit/605.1.15 Safari/605.1.15"
8.8.8.1 - - [09/Mar/2026:20:50:10 +0000] "GET /index.html HTTP/1.1" 200 13092 "-" "Mozilla/5.0 (X11; Linux x86_64; rv:123.0) Gecko/20100101 Firefox/123.0"
157.55.39.10 - - [09/Mar/2026:20:55:10 +0000] "GET /api/products HTTP/1.1" 304 53168 "-" "Mozilla/5.0 (Macintosh; Intel Mac OS X 10_15_7) AppleWebKit/605.1.15 Safari/605.1.15"
192.168.1.10 - - [09/Mar/2026:21:03:10 +0000] "GET /robots.txt HTTP/1.1" 200 54735 "https://example.com" "Mozilla/5.0 (Macintosh; Intel Mac OS X 10_15_7) AppleWebKit/605.1.15 Safari/605.1.15"
10.0.0.8 - - [09/Mar/2026:21:04:10 +0000] "GET /search?q=sale HTTP/1.1" 302 45219 "-" "DuckDuckBot/1.1 (+http://duckduckgo.com/duckduckbot.html)"
104.21.33.10 - - [09/Mar/2026:21:15:10 +0000] "GET /about HTTP/1.1" 302 23581 "-" "Mozilla/5.0 (X11; Linux x86_64; rv:123.0) Gecko/20100101 Firefox/123.0"
94.103.82.1 - - [09/Mar/2026:21:34:10 +0000] "POST /pricing HTTP/1.1" 200 34667 "-" "Mozilla/5.0 (Macintosh; Intel Mac OS X 10_15_7) AppleWebKit/605.1.15 Safari/605.1.15"
172.16.0.8 - - [09/Mar/2026:21:39:10 +0000] "POST /api/v1/health HTTP/1.1" 200 62410 "https://example.com" "Mozilla/5.0 (X11; Linux x86_64; rv:123.0) Gecko/20100101 Firefox/123.0"
157.55.39.10 - - [09/Mar/2026:21:39:10 +0000] "GET /blog/post-1 HTTP/1.1" 200 38984 "-" "Mozilla/5.0 (X11; Linux x86_64; rv:123.0) Gecko/20100101 Firefox/123.0"
198.51.100.7 - - [09/Mar/2026:21:41:10 +0000] "GET /products HTTP/1.1" 200 63893 "-" "Mozilla/5.0 (iPad; CPU OS 17_0 like Mac OS X) AppleWebKit/605.1.15 Mobile/15E148 Safari/604.1"
198.51.100.7 - - [09/Mar/2026:21:41:10 +0000] "GET /shop HTTP/1.1" 200 30760 "-" "bingbot/2.0 (+http://www.bing.com/bingbot.htm)"
172.16.0.8 - - [09/Mar/2026:21:42:10 +0000] "GET /faq HTTP/1.1" 200 11679 "https://example.com" "Mozilla/5.0 (X11; Linux x86_64; rv:123.0) Gecko/20100101 Firefox/123.0"
203.0.113.42 - - [09/Mar/2026:21:42:10 +0000] "GET /static/js/vendor.js HTTP/1.1" 200 14211 "-" "bingbot/2.0 (+http://www.bing.com/bingbot.htm)"
